10:21:45 **** Incremental Build of configuration Debug for project LPC55S69_Project_2 ****
make -r -j8 all 
Building file: ../board/pin_mux.c
Invoking: MCU C Compiler
arm-none-eabi-gcc -D__REDLIB__ -DCPU_LPC55S69JBD100 -DCPU_LPC55S69JBD100_cm33 -DCPU_LPC55S69JBD100_cm33_core0 -DSERIAL_PORT_TYPE_UART=1 -DSDK_OS_BAREMETAL -DSDK_DEBUGCONSOLE=0 -DCR_INTEGER_PRINTF -DPRINTF_FLOAT_ENABLE=0 -D__MCUXPRESSO -D__USE_CMSIS -DDEBUG -I"C:\Users\shoba\Documents\MCUXpressoIDE_11.10.0_3148\workspace\LPC55S69_Project_2\board" -I"C:\Users\shoba\Documents\MCUXpressoIDE_11.10.0_3148\workspace\LPC55S69_Project_2\source" -I"C:\Users\shoba\Documents\MCUXpressoIDE_11.10.0_3148\workspace\LPC55S69_Project_2\utilities" -I"C:\Users\shoba\Documents\MCUXpressoIDE_11.10.0_3148\workspace\LPC55S69_Project_2\drivers" -I"C:\Users\shoba\Documents\MCUXpressoIDE_11.10.0_3148\workspace\LPC55S69_Project_2\component\uart" -I"C:\Users\shoba\Documents\MCUXpressoIDE_11.10.0_3148\workspace\LPC55S69_Project_2\component\serial_manager" -I"C:\Users\shoba\Documents\MCUXpressoIDE_11.10.0_3148\workspace\LPC55S69_Project_2\device" -I"C:\Users\shoba\Documents\MCUXpressoIDE_11.10.0_3148\workspace\LPC55S69_Project_2\CMSIS" -I"C:\Users\shoba\Documents\MCUXpressoIDE_11.10.0_3148\workspace\LPC55S69_Project_2\component\lists" -I"C:\Users\shoba\Documents\MCUXpressoIDE_11.10.0_3148\workspace\LPC55S69_Project_2\startup" -O0 -fno-common -g3 -gdwarf-4 -Wall -c -ffunction-sections -fdata-sections -fno-builtin -fmerge-constants -fmacro-prefix-map="../board/"= -mcpu=cortex-m33 -mfpu=fpv5-sp-d16 -mfloat-abi=hard -mthumb -D__REDLIB__ -fstack-usage -specs=redlib.specs -MMD -MP -MF"board/pin_mux.d" -MT"board/pin_mux.o" -MT"board/pin_mux.d" -o "board/pin_mux.o" "../board/pin_mux.c"
../board/pin_mux.c:23:10: fatal error: fsl_inputmux.h: No such file or directory
   23 | #include "fsl_inputmux.h"
      |          ^~~~~~~~~~~~~~~~
compilation terminated.
make[1]: *** [board/subdir.mk:29: board/pin_mux.o] Error 1
make: *** [makefile:43: all] Error 2
"make -r -j8 all" terminated with exit code 2. Build might be incomplete.
10:26:24 **** Build of configuration Debug for project TEST ****
make -r -j8 all 
Building file: ../utilities/fsl_assert.c
Building file: ../utilities/fsl_debug_console.c
Building file: ../utilities/fsl_str.c
Building file: ../startup/boot_multicore_slave.c
Invoking: MCU C Compiler
Invoking: MCU C Compiler
arm-none-eabi-gcc -DCPU_LPC55S69JBD100 -DCPU_LPC55S69JBD100_cm33 -DCPU_LPC55S69JBD100_cm33_core0 -DSERIAL_PORT_TYPE_UART=1 -DSDK_OS_BAREMETAL -DSDK_DEBUGCONSOLE=0 -DCR_INTEGER_PRINTF -DPRINTF_FLOAT_ENABLE=0 -D__MCUXPRESSO -D__USE_CMSIS -DDEBUG -D__REDLIB__ -I"C:\Users\shoba\Documents\MCUXpressoIDE_11.10.0_3148\workspace\TEST\board" -I"C:\Users\shoba\Documents\MCUXpressoIDE_11.10.0_3148\workspace\TEST\source" -I"C:\Users\shoba\Documents\MCUXpressoIDE_11.10.0_3148\workspace\TEST\utilities" -I"C:\Users\shoba\Documents\MCUXpressoIDE_11.10.0_3148\workspace\TEST\drivers" -I"C:\Users\shoba\Documents\MCUXpressoIDE_11.10.0_3148\workspace\TEST\component\uart" -I"C:\Users\shoba\Documents\MCUXpressoIDE_11.10.0_3148\workspace\TEST\component\serial_manager" -I"C:\Users\shoba\Documents\MCUXpressoIDE_11.10.0_3148\workspace\TEST\device" -I"C:\Users\shoba\Documents\MCUXpressoIDE_11.10.0_3148\workspace\TEST\CMSIS" -I"C:\Users\shoba\Documents\MCUXpressoIDE_11.10.0_3148\workspace\TEST\component\lists" -I"C:\Users\shoba\Documents\MCUXpressoIDE_11.10.0_3148\workspace\TEST\startup" -O0 -fno-common -g3 -gdwarf-4 -Wall -c -ffunction-sections -fdata-sections -fno-builtin -fmerge-constants -fmacro-prefix-map="../utilities/"= -mcpu=cortex-m33 -mfpu=fpv5-sp-d16 -mfloat-abi=hard -mthumb -D__REDLIB__ -fstack-usage -specs=redlib.specs -MMD -MP -MF"utilities/fsl_assert.d" -MT"utilities/fsl_assert.o" -MT"utilities/fsl_assert.d" -o "utilities/fsl_assert.o" "../utilities/fsl_assert.c"
Invoking: MCU C Compiler
Invoking: MCU C Compiler
arm-none-eabi-gcc -DCPU_LPC55S69JBD100 -DCPU_LPC55S69JBD100_cm33 -DCPU_LPC55S69JBD100_cm33_core0 -DSERIAL_PORT_TYPE_UART=1 -DSDK_OS_BAREMETAL -DSDK_DEBUGCONSOLE=0 -DCR_INTEGER_PRINTF -DPRINTF_FLOAT_ENABLE=0 -D__MCUXPRESSO -D__USE_CMSIS -DDEBUG -D__REDLIB__ -I"C:\Users\shoba\Documents\MCUXpressoIDE_11.10.0_3148\workspace\TEST\board" -I"C:\Users\shoba\Documents\MCUXpressoIDE_11.10.0_3148\workspace\TEST\source" -I"C:\Users\shoba\Documents\MCUXpressoIDE_11.10.0_3148\workspace\TEST\utilities" -I"C:\Users\shoba\Documents\MCUXpressoIDE_11.10.0_3148\workspace\TEST\drivers" -I"C:\Users\shoba\Documents\MCUXpressoIDE_11.10.0_3148\workspace\TEST\component\uart" -I"C:\Users\shoba\Documents\MCUXpressoIDE_11.10.0_3148\workspace\TEST\component\serial_manager" -I"C:\Users\shoba\Documents\MCUXpressoIDE_11.10.0_3148\workspace\TEST\device" -I"C:\Users\shoba\Documents\MCUXpressoIDE_11.10.0_3148\workspace\TEST\CMSIS" -I"C:\Users\shoba\Documents\MCUXpressoIDE_11.10.0_3148\workspace\TEST\component\lists" -I"C:\Users\shoba\Documents\MCUXpressoIDE_11.10.0_3148\workspace\TEST\startup" -O0 -fno-common -g3 -gdwarf-4 -Wall -c -ffunction-sections -fdata-sections -fno-builtin -fmerge-constants -fmacro-prefix-map="../utilities/"= -mcpu=cortex-m33 -mfpu=fpv5-sp-d16 -mfloat-abi=hard -mthumb -D__REDLIB__ -fstack-usage -specs=redlib.specs -MMD -MP -MF"utilities/fsl_debug_console.d" -MT"utilities/fsl_debug_console.o" -MT"utilities/fsl_debug_console.d" -o "utilities/fsl_debug_console.o" "../utilities/fsl_debug_console.c"
arm-none-eabi-gcc -DCPU_LPC55S69JBD100 -DCPU_LPC55S69JBD100_cm33 -DCPU_LPC55S69JBD100_cm33_core0 -DSERIAL_PORT_TYPE_UART=1 -DSDK_OS_BAREMETAL -DSDK_DEBUGCONSOLE=0 -DCR_INTEGER_PRINTF -DPRINTF_FLOAT_ENABLE=0 -D__MCUXPRESSO -D__USE_CMSIS -DDEBUG -D__REDLIB__ -I"C:\Users\shoba\Documents\MCUXpressoIDE_11.10.0_3148\workspace\TEST\board" -I"C:\Users\shoba\Documents\MCUXpressoIDE_11.10.0_3148\workspace\TEST\source" -I"C:\Users\shoba\Documents\MCUXpressoIDE_11.10.0_3148\workspace\TEST\utilities" -I"C:\Users\shoba\Documents\MCUXpressoIDE_11.10.0_3148\workspace\TEST\drivers" -I"C:\Users\shoba\Documents\MCUXpressoIDE_11.10.0_3148\workspace\TEST\component\uart" -I"C:\Users\shoba\Documents\MCUXpressoIDE_11.10.0_3148\workspace\TEST\component\serial_manager" -I"C:\Users\shoba\Documents\MCUXpressoIDE_11.10.0_3148\workspace\TEST\device" -I"C:\Users\shoba\Documents\MCUXpressoIDE_11.10.0_3148\workspace\TEST\CMSIS" -I"C:\Users\shoba\Documents\MCUXpressoIDE_11.10.0_3148\workspace\TEST\component\lists" -I"C:\Users\shoba\Documents\MCUXpressoIDE_11.10.0_3148\workspace\TEST\startup" -O0 -fno-common -g3 -gdwarf-4 -Wall -c -ffunction-sections -fdata-sections -fno-builtin -fmerge-constants -fmacro-prefix-map="../utilities/"= -mcpu=cortex-m33 -mfpu=fpv5-sp-d16 -mfloat-abi=hard -mthumb -D__REDLIB__ -fstack-usage -specs=redlib.specs -MMD -MP -MF"utilities/fsl_str.d" -MT"utilities/fsl_str.o" -MT"utilities/fsl_str.d" -o "utilities/fsl_str.o" "../utilities/fsl_str.c"
arm-none-eabi-gcc -DCPU_LPC55S69JBD100 -DCPU_LPC55S69JBD100_cm33 -DCPU_LPC55S69JBD100_cm33_core0 -DSERIAL_PORT_TYPE_UART=1 -DSDK_OS_BAREMETAL -DSDK_DEBUGCONSOLE=0 -DCR_INTEGER_PRINTF -DPRINTF_FLOAT_ENABLE=0 -D__MCUXPRESSO -D__USE_CMSIS -DDEBUG -D__REDLIB__ -I"C:\Users\shoba\Documents\MCUXpressoIDE_11.10.0_3148\workspace\TEST\board" -I"C:\Users\shoba\Documents\MCUXpressoIDE_11.10.0_3148\workspace\TEST\source" -I"C:\Users\shoba\Documents\MCUXpressoIDE_11.10.0_3148\workspace\TEST\utilities" -I"C:\Users\shoba\Documents\MCUXpressoIDE_11.10.0_3148\workspace\TEST\drivers" -I"C:\Users\shoba\Documents\MCUXpressoIDE_11.10.0_3148\workspace\TEST\component\uart" -I"C:\Users\shoba\Documents\MCUXpressoIDE_11.10.0_3148\workspace\TEST\component\serial_manager" -I"C:\Users\shoba\Documents\MCUXpressoIDE_11.10.0_3148\workspace\TEST\device" -I"C:\Users\shoba\Documents\MCUXpressoIDE_11.10.0_3148\workspace\TEST\CMSIS" -I"C:\Users\shoba\Documents\MCUXpressoIDE_11.10.0_3148\workspace\TEST\component\lists" -I"C:\Users\shoba\Documents\MCUXpressoIDE_11.10.0_3148\workspace\TEST\startup" -O0 -fno-common -g3 -gdwarf-4 -Wall -c -ffunction-sections -fdata-sections -fno-builtin -fmerge-constants -fmacro-prefix-map="../startup/"= -mcpu=cortex-m33 -mfpu=fpv5-sp-d16 -mfloat-abi=hard -mthumb -D__REDLIB__ -fstack-usage -specs=redlib.specs -MMD -MP -MF"startup/boot_multicore_slave.d" -MT"startup/boot_multicore_slave.o" -MT"startup/boot_multicore_slave.d" -o "startup/boot_multicore_slave.o" "../startup/boot_multicore_slave.c"
Building file: ../startup/startup_lpc55s69_cm33_core0.c
Building file: ../source/TEST.c
Building file: ../source/semihost_hardfault.c
Invoking: MCU C Compiler
Building file: ../drivers/fsl_clock.c
arm-none-eabi-gcc -DCPU_LPC55S69JBD100 -DCPU_LPC55S69JBD100_cm33 -DCPU_LPC55S69JBD100_cm33_core0 -DSERIAL_PORT_TYPE_UART=1 -DSDK_OS_BAREMETAL -DSDK_DEBUGCONSOLE=0 -DCR_INTEGER_PRINTF -DPRINTF_FLOAT_ENABLE=0 -D__MCUXPRESSO -D__USE_CMSIS -DDEBUG -D__REDLIB__ -I"C:\Users\shoba\Documents\MCUXpressoIDE_11.10.0_3148\workspace\TEST\board" -I"C:\Users\shoba\Documents\MCUXpressoIDE_11.10.0_3148\workspace\TEST\source" -I"C:\Users\shoba\Documents\MCUXpressoIDE_11.10.0_3148\workspace\TEST\utilities" -I"C:\Users\shoba\Documents\MCUXpressoIDE_11.10.0_3148\workspace\TEST\drivers" -I"C:\Users\shoba\Documents\MCUXpressoIDE_11.10.0_3148\workspace\TEST\component\uart" -I"C:\Users\shoba\Documents\MCUXpressoIDE_11.10.0_3148\workspace\TEST\component\serial_manager" -I"C:\Users\shoba\Documents\MCUXpressoIDE_11.10.0_3148\workspace\TEST\device" -I"C:\Users\shoba\Documents\MCUXpressoIDE_11.10.0_3148\workspace\TEST\CMSIS" -I"C:\Users\shoba\Documents\MCUXpressoIDE_11.10.0_3148\workspace\TEST\component\lists" -I"C:\Users\shoba\Documents\MCUXpressoIDE_11.10.0_3148\workspace\TEST\startup" -O0 -fno-common -g3 -gdwarf-4 -Wall -c -ffunction-sections -fdata-sections -fno-builtin -fmerge-constants -fmacro-prefix-map="../startup/"= -mcpu=cortex-m33 -mfpu=fpv5-sp-d16 -mfloat-abi=hard -mthumb -D__REDLIB__ -fstack-usage -specs=redlib.specs -MMD -MP -MF"startup/startup_lpc55s69_cm33_core0.d" -MT"startup/startup_lpc55s69_cm33_core0.o" -MT"startup/startup_lpc55s69_cm33_core0.d" -o "startup/startup_lpc55s69_cm33_core0.o" "../startup/startup_lpc55s69_cm33_core0.c"
Invoking: MCU C Compiler
Invoking: MCU C Compiler
arm-none-eabi-gcc -DCPU_LPC55S69JBD100 -DCPU_LPC55S69JBD100_cm33 -DCPU_LPC55S69JBD100_cm33_core0 -DSERIAL_PORT_TYPE_UART=1 -DSDK_OS_BAREMETAL -DSDK_DEBUGCONSOLE=0 -DCR_INTEGER_PRINTF -DPRINTF_FLOAT_ENABLE=0 -D__MCUXPRESSO -D__USE_CMSIS -DDEBUG -D__REDLIB__ -I"C:\Users\shoba\Documents\MCUXpressoIDE_11.10.0_3148\workspace\TEST\board" -I"C:\Users\shoba\Documents\MCUXpressoIDE_11.10.0_3148\workspace\TEST\source" -I"C:\Users\shoba\Documents\MCUXpressoIDE_11.10.0_3148\workspace\TEST\utilities" -I"C:\Users\shoba\Documents\MCUXpressoIDE_11.10.0_3148\workspace\TEST\drivers" -I"C:\Users\shoba\Documents\MCUXpressoIDE_11.10.0_3148\workspace\TEST\component\uart" -I"C:\Users\shoba\Documents\MCUXpressoIDE_11.10.0_3148\workspace\TEST\component\serial_manager" -I"C:\Users\shoba\Documents\MCUXpressoIDE_11.10.0_3148\workspace\TEST\device" -I"C:\Users\shoba\Documents\MCUXpressoIDE_11.10.0_3148\workspace\TEST\CMSIS" -I"C:\Users\shoba\Documents\MCUXpressoIDE_11.10.0_3148\workspace\TEST\component\lists" -I"C:\Users\shoba\Documents\MCUXpressoIDE_11.10.0_3148\workspace\TEST\startup" -O0 -fno-common -g3 -gdwarf-4 -Wall -c -ffunction-sections -fdata-sections -fno-builtin -fmerge-constants -fmacro-prefix-map="../source/"= -mcpu=cortex-m33 -mfpu=fpv5-sp-d16 -mfloat-abi=hard -mthumb -D__REDLIB__ -fstack-usage -specs=redlib.specs -MMD -MP -MF"source/TEST.d" -MT"source/TEST.o" -MT"source/TEST.d" -o "source/TEST.o" "../source/TEST.c"
arm-none-eabi-gcc -DCPU_LPC55S69JBD100 -DCPU_LPC55S69JBD100_cm33 -DCPU_LPC55S69JBD100_cm33_core0 -DSERIAL_PORT_TYPE_UART=1 -DSDK_OS_BAREMETAL -DSDK_DEBUGCONSOLE=0 -DCR_INTEGER_PRINTF -DPRINTF_FLOAT_ENABLE=0 -D__MCUXPRESSO -D__USE_CMSIS -DDEBUG -D__REDLIB__ -I"C:\Users\shoba\Documents\MCUXpressoIDE_11.10.0_3148\workspace\TEST\board" -I"C:\Users\shoba\Documents\MCUXpressoIDE_11.10.0_3148\workspace\TEST\source" -I"C:\Users\shoba\Documents\MCUXpressoIDE_11.10.0_3148\workspace\TEST\utilities" -I"C:\Users\shoba\Documents\MCUXpressoIDE_11.10.0_3148\workspace\TEST\drivers" -I"C:\Users\shoba\Documents\MCUXpressoIDE_11.10.0_3148\workspace\TEST\component\uart" -I"C:\Users\shoba\Documents\MCUXpressoIDE_11.10.0_3148\workspace\TEST\component\serial_manager" -I"C:\Users\shoba\Documents\MCUXpressoIDE_11.10.0_3148\workspace\TEST\device" -I"C:\Users\shoba\Documents\MCUXpressoIDE_11.10.0_3148\workspace\TEST\CMSIS" -I"C:\Users\shoba\Documents\MCUXpressoIDE_11.10.0_3148\workspace\TEST\component\lists" -I"C:\Users\shoba\Documents\MCUXpressoIDE_11.10.0_3148\workspace\TEST\startup" -O0 -fno-common -g3 -gdwarf-4 -Wall -c -ffunction-sections -fdata-sections -fno-builtin -fmerge-constants -fmacro-prefix-map="../source/"= -mcpu=cortex-m33 -mfpu=fpv5-sp-d16 -mfloat-abi=hard -mthumb -D__REDLIB__ -fstack-usage -specs=redlib.specs -MMD -MP -MF"source/semihost_hardfault.d" -MT"source/semihost_hardfault.o" -MT"source/semihost_hardfault.d" -o "source/semihost_hardfault.o" "../source/semihost_hardfault.c"
Invoking: MCU C Compiler
arm-none-eabi-gcc -DCPU_LPC55S69JBD100 -DCPU_LPC55S69JBD100_cm33 -DCPU_LPC55S69JBD100_cm33_core0 -DSERIAL_PORT_TYPE_UART=1 -DSDK_OS_BAREMETAL -DSDK_DEBUGCONSOLE=0 -DCR_INTEGER_PRINTF -DPRINTF_FLOAT_ENABLE=0 -D__MCUXPRESSO -D__USE_CMSIS -DDEBUG -D__REDLIB__ -I"C:\Users\shoba\Documents\MCUXpressoIDE_11.10.0_3148\workspace\TEST\board" -I"C:\Users\shoba\Documents\MCUXpressoIDE_11.10.0_3148\workspace\TEST\source" -I"C:\Users\shoba\Documents\MCUXpressoIDE_11.10.0_3148\workspace\TEST\utilities" -I"C:\Users\shoba\Documents\MCUXpressoIDE_11.10.0_3148\workspace\TEST\drivers" -I"C:\Users\shoba\Documents\MCUXpressoIDE_11.10.0_3148\workspace\TEST\component\uart" -I"C:\Users\shoba\Documents\MCUXpressoIDE_11.10.0_3148\workspace\TEST\component\serial_manager" -I"C:\Users\shoba\Documents\MCUXpressoIDE_11.10.0_3148\workspace\TEST\device" -I"C:\Users\shoba\Documents\MCUXpressoIDE_11.10.0_3148\workspace\TEST\CMSIS" -I"C:\Users\shoba\Documents\MCUXpressoIDE_11.10.0_3148\workspace\TEST\component\lists" -I"C:\Users\shoba\Documents\MCUXpressoIDE_11.10.0_3148\workspace\TEST\startup" -O0 -fno-common -g3 -gdwarf-4 -Wall -c -ffunction-sections -fdata-sections -fno-builtin -fmerge-constants -fmacro-prefix-map="../drivers/"= -mcpu=cortex-m33 -mfpu=fpv5-sp-d16 -mfloat-abi=hard -mthumb -D__REDLIB__ -fstack-usage -specs=redlib.specs -MMD -MP -MF"drivers/fsl_clock.d" -MT"drivers/fsl_clock.o" -MT"drivers/fsl_clock.d" -o "drivers/fsl_clock.o" "../drivers/fsl_clock.c"
Finished building: ../startup/boot_multicore_slave.c
 
Finished building: ../startup/startup_lpc55s69_cm33_core0.c
Finished building: ../source/semihost_hardfault.c
 
Building file: ../drivers/fsl_common.c
Finished building: ../utilities/fsl_assert.c
Finished building: ../utilities/fsl_debug_console.c
Finished building: ../utilities/fsl_str.c
 
Invoking: MCU C Compiler
 
arm-none-eabi-gcc -DCPU_LPC55S69JBD100 -DCPU_LPC55S69JBD100_cm33 -DCPU_LPC55S69JBD100_cm33_core0 -DSERIAL_PORT_TYPE_UART=1 -DSDK_OS_BAREMETAL -DSDK_DEBUGCONSOLE=0 -DCR_INTEGER_PRINTF -DPRINTF_FLOAT_ENABLE=0 -D__MCUXPRESSO -D__USE_CMSIS -DDEBUG -D__REDLIB__ -I"C:\Users\shoba\Documents\MCUXpressoIDE_11.10.0_3148\workspace\TEST\board" -I"C:\Users\shoba\Documents\MCUXpressoIDE_11.10.0_3148\workspace\TEST\source" -I"C:\Users\shoba\Documents\MCUXpressoIDE_11.10.0_3148\workspace\TEST\utilities" -I"C:\Users\shoba\Documents\MCUXpressoIDE_11.10.0_3148\workspace\TEST\drivers" -I"C:\Users\shoba\Documents\MCUXpressoIDE_11.10.0_3148\workspace\TEST\component\uart" -I"C:\Users\shoba\Documents\MCUXpressoIDE_11.10.0_3148\workspace\TEST\component\serial_manager" -I"C:\Users\shoba\Documents\MCUXpressoIDE_11.10.0_3148\workspace\TEST\device" -I"C:\Users\shoba\Documents\MCUXpressoIDE_11.10.0_3148\workspace\TEST\CMSIS" -I"C:\Users\shoba\Documents\MCUXpressoIDE_11.10.0_3148\workspace\TEST\component\lists" -I"C:\Users\shoba\Documents\MCUXpressoIDE_11.10.0_3148\workspace\TEST\startup" -O0 -fno-common -g3 -gdwarf-4 -Wall -c -ffunction-sections -fdata-sections -fno-builtin -fmerge-constants -fmacro-prefix-map="../drivers/"= -mcpu=cortex-m33 -mfpu=fpv5-sp-d16 -mfloat-abi=hard -mthumb -D__REDLIB__ -fstack-usage -specs=redlib.specs -MMD -MP -MF"drivers/fsl_common.d" -MT"drivers/fsl_common.o" -MT"drivers/fsl_common.d" -o "drivers/fsl_common.o" "../drivers/fsl_common.c"
 
 
Building file: ../drivers/fsl_common_arm.c
Building file: ../drivers/fsl_flexcomm.c
Finished building: ../source/TEST.c
Invoking: MCU C Compiler
Invoking: MCU C Compiler
 
arm-none-eabi-gcc -DCPU_LPC55S69JBD100 -DCPU_LPC55S69JBD100_cm33 -DCPU_LPC55S69JBD100_cm33_core0 -DSERIAL_PORT_TYPE_UART=1 -DSDK_OS_BAREMETAL -DSDK_DEBUGCONSOLE=0 -DCR_INTEGER_PRINTF -DPRINTF_FLOAT_ENABLE=0 -D__MCUXPRESSO -D__USE_CMSIS -DDEBUG -D__REDLIB__ -I"C:\Users\shoba\Documents\MCUXpressoIDE_11.10.0_3148\workspace\TEST\board" -I"C:\Users\shoba\Documents\MCUXpressoIDE_11.10.0_3148\workspace\TEST\source" -I"C:\Users\shoba\Documents\MCUXpressoIDE_11.10.0_3148\workspace\TEST\utilities" -I"C:\Users\shoba\Documents\MCUXpressoIDE_11.10.0_3148\workspace\TEST\drivers" -I"C:\Users\shoba\Documents\MCUXpressoIDE_11.10.0_3148\workspace\TEST\component\uart" -I"C:\Users\shoba\Documents\MCUXpressoIDE_11.10.0_3148\workspace\TEST\component\serial_manager" -I"C:\Users\shoba\Documents\MCUXpressoIDE_11.10.0_3148\workspace\TEST\device" -I"C:\Users\shoba\Documents\MCUXpressoIDE_11.10.0_3148\workspace\TEST\CMSIS" -I"C:\Users\shoba\Documents\MCUXpressoIDE_11.10.0_3148\workspace\TEST\component\lists" -I"C:\Users\shoba\Documents\MCUXpressoIDE_11.10.0_3148\workspace\TEST\startup" -O0 -fno-common -g3 -gdwarf-4 -Wall -c -ffunction-sections -fdata-sections -fno-builtin -fmerge-constants -fmacro-prefix-map="../drivers/"= -mcpu=cortex-m33 -mfpu=fpv5-sp-d16 -mfloat-abi=hard -mthumb -D__REDLIB__ -fstack-usage -specs=redlib.specs -MMD -MP -MF"drivers/fsl_common_arm.d" -MT"drivers/fsl_common_arm.o" -MT"drivers/fsl_common_arm.d" -o "drivers/fsl_common_arm.o" "../drivers/fsl_common_arm.c"
Building file: ../drivers/fsl_gpio.c
arm-none-eabi-gcc -DCPU_LPC55S69JBD100 -DCPU_LPC55S69JBD100_cm33 -DCPU_LPC55S69JBD100_cm33_core0 -DSERIAL_PORT_TYPE_UART=1 -DSDK_OS_BAREMETAL -DSDK_DEBUGCONSOLE=0 -DCR_INTEGER_PRINTF -DPRINTF_FLOAT_ENABLE=0 -D__MCUXPRESSO -D__USE_CMSIS -DDEBUG -D__REDLIB__ -I"C:\Users\shoba\Documents\MCUXpressoIDE_11.10.0_3148\workspace\TEST\board" -I"C:\Users\shoba\Documents\MCUXpressoIDE_11.10.0_3148\workspace\TEST\source" -I"C:\Users\shoba\Documents\MCUXpressoIDE_11.10.0_3148\workspace\TEST\utilities" -I"C:\Users\shoba\Documents\MCUXpressoIDE_11.10.0_3148\workspace\TEST\drivers" -I"C:\Users\shoba\Documents\MCUXpressoIDE_11.10.0_3148\workspace\TEST\component\uart" -I"C:\Users\shoba\Documents\MCUXpressoIDE_11.10.0_3148\workspace\TEST\component\serial_manager" -I"C:\Users\shoba\Documents\MCUXpressoIDE_11.10.0_3148\workspace\TEST\device" -I"C:\Users\shoba\Documents\MCUXpressoIDE_11.10.0_3148\workspace\TEST\CMSIS" -I"C:\Users\shoba\Documents\MCUXpressoIDE_11.10.0_3148\workspace\TEST\component\lists" -I"C:\Users\shoba\Documents\MCUXpressoIDE_11.10.0_3148\workspace\TEST\startup" -O0 -fno-common -g3 -gdwarf-4 -Wall -c -ffunction-sections -fdata-sections -fno-builtin -fmerge-constants -fmacro-prefix-map="../drivers/"= -mcpu=cortex-m33 -mfpu=fpv5-sp-d16 -mfloat-abi=hard -mthumb -D__REDLIB__ -fstack-usage -specs=redlib.specs -MMD -MP -MF"drivers/fsl_flexcomm.d" -MT"drivers/fsl_flexcomm.o" -MT"drivers/fsl_flexcomm.d" -o "drivers/fsl_flexcomm.o" "../drivers/fsl_flexcomm.c"
Building file: ../drivers/fsl_i2c.c
Invoking: MCU C Compiler
Invoking: MCU C Compiler
arm-none-eabi-gcc -DCPU_LPC55S69JBD100 -DCPU_LPC55S69JBD100_cm33 -DCPU_LPC55S69JBD100_cm33_core0 -DSERIAL_PORT_TYPE_UART=1 -DSDK_OS_BAREMETAL -DSDK_DEBUGCONSOLE=0 -DCR_INTEGER_PRINTF -DPRINTF_FLOAT_ENABLE=0 -D__MCUXPRESSO -D__USE_CMSIS -DDEBUG -D__REDLIB__ -I"C:\Users\shoba\Documents\MCUXpressoIDE_11.10.0_3148\workspace\TEST\board" -I"C:\Users\shoba\Documents\MCUXpressoIDE_11.10.0_3148\workspace\TEST\source" -I"C:\Users\shoba\Documents\MCUXpressoIDE_11.10.0_3148\workspace\TEST\utilities" -I"C:\Users\shoba\Documents\MCUXpressoIDE_11.10.0_3148\workspace\TEST\drivers" -I"C:\Users\shoba\Documents\MCUXpressoIDE_11.10.0_3148\workspace\TEST\component\uart" -I"C:\Users\shoba\Documents\MCUXpressoIDE_11.10.0_3148\workspace\TEST\component\serial_manager" -I"C:\Users\shoba\Documents\MCUXpressoIDE_11.10.0_3148\workspace\TEST\device" -I"C:\Users\shoba\Documents\MCUXpressoIDE_11.10.0_3148\workspace\TEST\CMSIS" -I"C:\Users\shoba\Documents\MCUXpressoIDE_11.10.0_3148\workspace\TEST\component\lists" -I"C:\Users\shoba\Documents\MCUXpressoIDE_11.10.0_3148\workspace\TEST\startup" -O0 -fno-common -g3 -gdwarf-4 -Wall -c -ffunction-sections -fdata-sections -fno-builtin -fmerge-constants -fmacro-prefix-map="../drivers/"= -mcpu=cortex-m33 -mfpu=fpv5-sp-d16 -mfloat-abi=hard -mthumb -D__REDLIB__ -fstack-usage -specs=redlib.specs -MMD -MP -MF"drivers/fsl_gpio.d" -MT"drivers/fsl_gpio.o" -MT"drivers/fsl_gpio.d" -o "drivers/fsl_gpio.o" "../drivers/fsl_gpio.c"
Building file: ../drivers/fsl_pint.c
Building file: ../drivers/fsl_power.c
arm-none-eabi-gcc -DCPU_LPC55S69JBD100 -DCPU_LPC55S69JBD100_cm33 -DCPU_LPC55S69JBD100_cm33_core0 -DSERIAL_PORT_TYPE_UART=1 -DSDK_OS_BAREMETAL -DSDK_DEBUGCONSOLE=0 -DCR_INTEGER_PRINTF -DPRINTF_FLOAT_ENABLE=0 -D__MCUXPRESSO -D__USE_CMSIS -DDEBUG -D__REDLIB__ -I"C:\Users\shoba\Documents\MCUXpressoIDE_11.10.0_3148\workspace\TEST\board" -I"C:\Users\shoba\Documents\MCUXpressoIDE_11.10.0_3148\workspace\TEST\source" -I"C:\Users\shoba\Documents\MCUXpressoIDE_11.10.0_3148\workspace\TEST\utilities" -I"C:\Users\shoba\Documents\MCUXpressoIDE_11.10.0_3148\workspace\TEST\drivers" -I"C:\Users\shoba\Documents\MCUXpressoIDE_11.10.0_3148\workspace\TEST\component\uart" -I"C:\Users\shoba\Documents\MCUXpressoIDE_11.10.0_3148\workspace\TEST\component\serial_manager" -I"C:\Users\shoba\Documents\MCUXpressoIDE_11.10.0_3148\workspace\TEST\device" -I"C:\Users\shoba\Documents\MCUXpressoIDE_11.10.0_3148\workspace\TEST\CMSIS" -I"C:\Users\shoba\Documents\MCUXpressoIDE_11.10.0_3148\workspace\TEST\component\lists" -I"C:\Users\shoba\Documents\MCUXpressoIDE_11.10.0_3148\workspace\TEST\startup" -O0 -fno-common -g3 -gdwarf-4 -Wall -c -ffunction-sections -fdata-sections -fno-builtin -fmerge-constants -fmacro-prefix-map="../drivers/"= -mcpu=cortex-m33 -mfpu=fpv5-sp-d16 -mfloat-abi=hard -mthumb -D__REDLIB__ -fstack-usage -specs=redlib.specs -MMD -MP -MF"drivers/fsl_i2c.d" -MT"drivers/fsl_i2c.o" -MT"drivers/fsl_i2c.d" -o "drivers/fsl_i2c.o" "../drivers/fsl_i2c.c"
Finished building: ../drivers/fsl_clock.c
Invoking: MCU C Compiler
Invoking: MCU C Compiler
arm-none-eabi-gcc -DCPU_LPC55S69JBD100 -DCPU_LPC55S69JBD100_cm33 -DCPU_LPC55S69JBD100_cm33_core0 -DSERIAL_PORT_TYPE_UART=1 -DSDK_OS_BAREMETAL -DSDK_DEBUGCONSOLE=0 -DCR_INTEGER_PRINTF -DPRINTF_FLOAT_ENABLE=0 -D__MCUXPRESSO -D__USE_CMSIS -DDEBUG -D__REDLIB__ -I"C:\Users\shoba\Documents\MCUXpressoIDE_11.10.0_3148\workspace\TEST\board" -I"C:\Users\shoba\Documents\MCUXpressoIDE_11.10.0_3148\workspace\TEST\source" -I"C:\Users\shoba\Documents\MCUXpressoIDE_11.10.0_3148\workspace\TEST\utilities" -I"C:\Users\shoba\Documents\MCUXpressoIDE_11.10.0_3148\workspace\TEST\drivers" -I"C:\Users\shoba\Documents\MCUXpressoIDE_11.10.0_3148\workspace\TEST\component\uart" -I"C:\Users\shoba\Documents\MCUXpressoIDE_11.10.0_3148\workspace\TEST\component\serial_manager" -I"C:\Users\shoba\Documents\MCUXpressoIDE_11.10.0_3148\workspace\TEST\device" -I"C:\Users\shoba\Documents\MCUXpressoIDE_11.10.0_3148\workspace\TEST\CMSIS" -I"C:\Users\shoba\Documents\MCUXpressoIDE_11.10.0_3148\workspace\TEST\component\lists" -I"C:\Users\shoba\Documents\MCUXpressoIDE_11.10.0_3148\workspace\TEST\startup" -O0 -fno-common -g3 -gdwarf-4 -Wall -c -ffunction-sections -fdata-sections -fno-builtin -fmerge-constants -fmacro-prefix-map="../drivers/"= -mcpu=cortex-m33 -mfpu=fpv5-sp-d16 -mfloat-abi=hard -mthumb -D__REDLIB__ -fstack-usage -specs=redlib.specs -MMD -MP -MF"drivers/fsl_power.d" -MT"drivers/fsl_power.o" -MT"drivers/fsl_power.d" -o "drivers/fsl_power.o" "../drivers/fsl_power.c"
arm-none-eabi-gcc -DCPU_LPC55S69JBD100 -DCPU_LPC55S69JBD100_cm33 -DCPU_LPC55S69JBD100_cm33_core0 -DSERIAL_PORT_TYPE_UART=1 -DSDK_OS_BAREMETAL -DSDK_DEBUGCONSOLE=0 -DCR_INTEGER_PRINTF -DPRINTF_FLOAT_ENABLE=0 -D__MCUXPRESSO -D__USE_CMSIS -DDEBUG -D__REDLIB__ -I"C:\Users\shoba\Documents\MCUXpressoIDE_11.10.0_3148\workspace\TEST\board" -I"C:\Users\shoba\Documents\MCUXpressoIDE_11.10.0_3148\workspace\TEST\source" -I"C:\Users\shoba\Documents\MCUXpressoIDE_11.10.0_3148\workspace\TEST\utilities" -I"C:\Users\shoba\Documents\MCUXpressoIDE_11.10.0_3148\workspace\TEST\drivers" -I"C:\Users\shoba\Documents\MCUXpressoIDE_11.10.0_3148\workspace\TEST\component\uart" -I"C:\Users\shoba\Documents\MCUXpressoIDE_11.10.0_3148\workspace\TEST\component\serial_manager" -I"C:\Users\shoba\Documents\MCUXpressoIDE_11.10.0_3148\workspace\TEST\device" -I"C:\Users\shoba\Documents\MCUXpressoIDE_11.10.0_3148\workspace\TEST\CMSIS" -I"C:\Users\shoba\Documents\MCUXpressoIDE_11.10.0_3148\workspace\TEST\component\lists" -I"C:\Users\shoba\Documents\MCUXpressoIDE_11.10.0_3148\workspace\TEST\startup" -O0 -fno-common -g3 -gdwarf-4 -Wall -c -ffunction-sections -fdata-sections -fno-builtin -fmerge-constants -fmacro-prefix-map="../drivers/"= -mcpu=cortex-m33 -mfpu=fpv5-sp-d16 -mfloat-abi=hard -mthumb -D__REDLIB__ -fstack-usage -specs=redlib.specs -MMD -MP -MF"drivers/fsl_pint.d" -MT"drivers/fsl_pint.o" -MT"drivers/fsl_pint.d" -o "drivers/fsl_pint.o" "../drivers/fsl_pint.c"
 
Building file: ../drivers/fsl_reset.c
Invoking: MCU C Compiler
arm-none-eabi-gcc -DCPU_LPC55S69JBD100 -DCPU_LPC55S69JBD100_cm33 -DCPU_LPC55S69JBD100_cm33_core0 -DSERIAL_PORT_TYPE_UART=1 -DSDK_OS_BAREMETAL -DSDK_DEBUGCONSOLE=0 -DCR_INTEGER_PRINTF -DPRINTF_FLOAT_ENABLE=0 -D__MCUXPRESSO -D__USE_CMSIS -DDEBUG -D__REDLIB__ -I"C:\Users\shoba\Documents\MCUXpressoIDE_11.10.0_3148\workspace\TEST\board" -I"C:\Users\shoba\Documents\MCUXpressoIDE_11.10.0_3148\workspace\TEST\source" -I"C:\Users\shoba\Documents\MCUXpressoIDE_11.10.0_3148\workspace\TEST\utilities" -I"C:\Users\shoba\Documents\MCUXpressoIDE_11.10.0_3148\workspace\TEST\drivers" -I"C:\Users\shoba\Documents\MCUXpressoIDE_11.10.0_3148\workspace\TEST\component\uart" -I"C:\Users\shoba\Documents\MCUXpressoIDE_11.10.0_3148\workspace\TEST\component\serial_manager" -I"C:\Users\shoba\Documents\MCUXpressoIDE_11.10.0_3148\workspace\TEST\device" -I"C:\Users\shoba\Documents\MCUXpressoIDE_11.10.0_3148\workspace\TEST\CMSIS" -I"C:\Users\shoba\Documents\MCUXpressoIDE_11.10.0_3148\workspace\TEST\component\lists" -I"C:\Users\shoba\Documents\MCUXpressoIDE_11.10.0_3148\workspace\TEST\startup" -O0 -fno-common -g3 -gdwarf-4 -Wall -c -ffunction-sections -fdata-sections -fno-builtin -fmerge-constants -fmacro-prefix-map="../drivers/"= -mcpu=cortex-m33 -mfpu=fpv5-sp-d16 -mfloat-abi=hard -mthumb -D__REDLIB__ -fstack-usage -specs=redlib.specs -MMD -MP -MF"drivers/fsl_reset.d" -MT"drivers/fsl_reset.o" -MT"drivers/fsl_reset.d" -o "drivers/fsl_reset.o" "../drivers/fsl_reset.c"
Finished building: ../drivers/fsl_common.c
 
Finished building: ../drivers/fsl_common_arm.c
 
Building file: ../drivers/fsl_usart.c
Finished building: ../drivers/fsl_flexcomm.c
Building file: ../device/system_LPC55S69_cm33_core0.c
Invoking: MCU C Compiler
arm-none-eabi-gcc -DCPU_LPC55S69JBD100 -DCPU_LPC55S69JBD100_cm33 -DCPU_LPC55S69JBD100_cm33_core0 -DSERIAL_PORT_TYPE_UART=1 -DSDK_OS_BAREMETAL -DSDK_DEBUGCONSOLE=0 -DCR_INTEGER_PRINTF -DPRINTF_FLOAT_ENABLE=0 -D__MCUXPRESSO -D__USE_CMSIS -DDEBUG -D__REDLIB__ -I"C:\Users\shoba\Documents\MCUXpressoIDE_11.10.0_3148\workspace\TEST\board" -I"C:\Users\shoba\Documents\MCUXpressoIDE_11.10.0_3148\workspace\TEST\source" -I"C:\Users\shoba\Documents\MCUXpressoIDE_11.10.0_3148\workspace\TEST\utilities" -I"C:\Users\shoba\Documents\MCUXpressoIDE_11.10.0_3148\workspace\TEST\drivers" -I"C:\Users\shoba\Documents\MCUXpressoIDE_11.10.0_3148\workspace\TEST\component\uart" -I"C:\Users\shoba\Documents\MCUXpressoIDE_11.10.0_3148\workspace\TEST\component\serial_manager" -I"C:\Users\shoba\Documents\MCUXpressoIDE_11.10.0_3148\workspace\TEST\device" -I"C:\Users\shoba\Documents\MCUXpressoIDE_11.10.0_3148\workspace\TEST\CMSIS" -I"C:\Users\shoba\Documents\MCUXpressoIDE_11.10.0_3148\workspace\TEST\component\lists" -I"C:\Users\shoba\Documents\MCUXpressoIDE_11.10.0_3148\workspace\TEST\startup" -O0 -fno-common -g3 -gdwarf-4 -Wall -c -ffunction-sections -fdata-sections -fno-builtin -fmerge-constants -fmacro-prefix-map="../drivers/"= -mcpu=cortex-m33 -mfpu=fpv5-sp-d16 -mfloat-abi=hard -mthumb -D__REDLIB__ -fstack-usage -specs=redlib.specs -MMD -MP -MF"drivers/fsl_usart.d" -MT"drivers/fsl_usart.o" -MT"drivers/fsl_usart.d" -o "drivers/fsl_usart.o" "../drivers/fsl_usart.c"
 
Invoking: MCU C Compiler
arm-none-eabi-gcc -DCPU_LPC55S69JBD100 -DCPU_LPC55S69JBD100_cm33 -DCPU_LPC55S69JBD100_cm33_core0 -DSERIAL_PORT_TYPE_UART=1 -DSDK_OS_BAREMETAL -DSDK_DEBUGCONSOLE=0 -DCR_INTEGER_PRINTF -DPRINTF_FLOAT_ENABLE=0 -D__MCUXPRESSO -D__USE_CMSIS -DDEBUG -D__REDLIB__ -I"C:\Users\shoba\Documents\MCUXpressoIDE_11.10.0_3148\workspace\TEST\board" -I"C:\Users\shoba\Documents\MCUXpressoIDE_11.10.0_3148\workspace\TEST\source" -I"C:\Users\shoba\Documents\MCUXpressoIDE_11.10.0_3148\workspace\TEST\utilities" -I"C:\Users\shoba\Documents\MCUXpressoIDE_11.10.0_3148\workspace\TEST\drivers" -I"C:\Users\shoba\Documents\MCUXpressoIDE_11.10.0_3148\workspace\TEST\component\uart" -I"C:\Users\shoba\Documents\MCUXpressoIDE_11.10.0_3148\workspace\TEST\component\serial_manager" -I"C:\Users\shoba\Documents\MCUXpressoIDE_11.10.0_3148\workspace\TEST\device" -I"C:\Users\shoba\Documents\MCUXpressoIDE_11.10.0_3148\workspace\TEST\CMSIS" -I"C:\Users\shoba\Documents\MCUXpressoIDE_11.10.0_3148\workspace\TEST\component\lists" -I"C:\Users\shoba\Documents\MCUXpressoIDE_11.10.0_3148\workspace\TEST\startup" -O0 -fno-common -g3 -gdwarf-4 -Wall -c -ffunction-sections -fdata-sections -fno-builtin -fmerge-constants -fmacro-prefix-map="../device/"= -mcpu=cortex-m33 -mfpu=fpv5-sp-d16 -mfloat-abi=hard -mthumb -D__REDLIB__ -fstack-usage -specs=redlib.specs -MMD -MP -MF"device/system_LPC55S69_cm33_core0.d" -MT"device/system_LPC55S69_cm33_core0.o" -MT"device/system_LPC55S69_cm33_core0.d" -o "device/system_LPC55S69_cm33_core0.o" "../device/system_LPC55S69_cm33_core0.c"
Finished building: ../drivers/fsl_gpio.c
Building file: ../component/uart/fsl_adapter_usart.c
 
Finished building: ../drivers/fsl_power.c
Invoking: MCU C Compiler
arm-none-eabi-gcc -DCPU_LPC55S69JBD100 -DCPU_LPC55S69JBD100_cm33 -DCPU_LPC55S69JBD100_cm33_core0 -DSERIAL_PORT_TYPE_UART=1 -DSDK_OS_BAREMETAL -DSDK_DEBUGCONSOLE=0 -DCR_INTEGER_PRINTF -DPRINTF_FLOAT_ENABLE=0 -D__MCUXPRESSO -D__USE_CMSIS -DDEBUG -D__REDLIB__ -I"C:\Users\shoba\Documents\MCUXpressoIDE_11.10.0_3148\workspace\TEST\board" -I"C:\Users\shoba\Documents\MCUXpressoIDE_11.10.0_3148\workspace\TEST\source" -I"C:\Users\shoba\Documents\MCUXpressoIDE_11.10.0_3148\workspace\TEST\utilities" -I"C:\Users\shoba\Documents\MCUXpressoIDE_11.10.0_3148\workspace\TEST\drivers" -I"C:\Users\shoba\Documents\MCUXpressoIDE_11.10.0_3148\workspace\TEST\component\uart" -I"C:\Users\shoba\Documents\MCUXpressoIDE_11.10.0_3148\workspace\TEST\component\serial_manager" -I"C:\Users\shoba\Documents\MCUXpressoIDE_11.10.0_3148\workspace\TEST\device" -I"C:\Users\shoba\Documents\MCUXpressoIDE_11.10.0_3148\workspace\TEST\CMSIS" -I"C:\Users\shoba\Documents\MCUXpressoIDE_11.10.0_3148\workspace\TEST\component\lists" -I"C:\Users\shoba\Documents\MCUXpressoIDE_11.10.0_3148\workspace\TEST\startup" -O0 -fno-common -g3 -gdwarf-4 -Wall -c -ffunction-sections -fdata-sections -fno-builtin -fmerge-constants -fmacro-prefix-map="../component/uart/"= -mcpu=cortex-m33 -mfpu=fpv5-sp-d16 -mfloat-abi=hard -mthumb -D__REDLIB__ -fstack-usage -specs=redlib.specs -MMD -MP -MF"component/uart/fsl_adapter_usart.d" -MT"component/uart/fsl_adapter_usart.o" -MT"component/uart/fsl_adapter_usart.d" -o "component/uart/fsl_adapter_usart.o" "../component/uart/fsl_adapter_usart.c"
Building file: ../component/serial_manager/fsl_component_serial_manager.c
 
Invoking: MCU C Compiler
Finished building: ../drivers/fsl_reset.c
arm-none-eabi-gcc -DCPU_LPC55S69JBD100 -DCPU_LPC55S69JBD100_cm33 -DCPU_LPC55S69JBD100_cm33_core0 -DSERIAL_PORT_TYPE_UART=1 -DSDK_OS_BAREMETAL -DSDK_DEBUGCONSOLE=0 -DCR_INTEGER_PRINTF -DPRINTF_FLOAT_ENABLE=0 -D__MCUXPRESSO -D__USE_CMSIS -DDEBUG -D__REDLIB__ -I"C:\Users\shoba\Documents\MCUXpressoIDE_11.10.0_3148\workspace\TEST\board" -I"C:\Users\shoba\Documents\MCUXpressoIDE_11.10.0_3148\workspace\TEST\source" -I"C:\Users\shoba\Documents\MCUXpressoIDE_11.10.0_3148\workspace\TEST\utilities" -I"C:\Users\shoba\Documents\MCUXpressoIDE_11.10.0_3148\workspace\TEST\drivers" -I"C:\Users\shoba\Documents\MCUXpressoIDE_11.10.0_3148\workspace\TEST\component\uart" -I"C:\Users\shoba\Documents\MCUXpressoIDE_11.10.0_3148\workspace\TEST\component\serial_manager" -I"C:\Users\shoba\Documents\MCUXpressoIDE_11.10.0_3148\workspace\TEST\device" -I"C:\Users\shoba\Documents\MCUXpressoIDE_11.10.0_3148\workspace\TEST\CMSIS" -I"C:\Users\shoba\Documents\MCUXpressoIDE_11.10.0_3148\workspace\TEST\component\lists" -I"C:\Users\shoba\Documents\MCUXpressoIDE_11.10.0_3148\workspace\TEST\startup" -O0 -fno-common -g3 -gdwarf-4 -Wall -c -ffunction-sections -fdata-sections -fno-builtin -fmerge-constants -fmacro-prefix-map="../component/serial_manager/"= -mcpu=cortex-m33 -mfpu=fpv5-sp-d16 -mfloat-abi=hard -mthumb -D__REDLIB__ -fstack-usage -specs=redlib.specs -MMD -MP -MF"component/serial_manager/fsl_component_serial_manager.d" -MT"component/serial_manager/fsl_component_serial_manager.o" -MT"component/serial_manager/fsl_component_serial_manager.d" -o "component/serial_manager/fsl_component_serial_manager.o" "../component/serial_manager/fsl_component_serial_manager.c"
Finished building: ../drivers/fsl_i2c.c
Finished building: ../drivers/fsl_pint.c
 
Building file: ../component/serial_manager/fsl_component_serial_port_uart.c
 
 
Building file: ../component/lists/fsl_component_generic_list.c
Invoking: MCU C Compiler
arm-none-eabi-gcc -DCPU_LPC55S69JBD100 -DCPU_LPC55S69JBD100_cm33 -DCPU_LPC55S69JBD100_cm33_core0 -DSERIAL_PORT_TYPE_UART=1 -DSDK_OS_BAREMETAL -DSDK_DEBUGCONSOLE=0 -DCR_INTEGER_PRINTF -DPRINTF_FLOAT_ENABLE=0 -D__MCUXPRESSO -D__USE_CMSIS -DDEBUG -D__REDLIB__ -I"C:\Users\shoba\Documents\MCUXpressoIDE_11.10.0_3148\workspace\TEST\board" -I"C:\Users\shoba\Documents\MCUXpressoIDE_11.10.0_3148\workspace\TEST\source" -I"C:\Users\shoba\Documents\MCUXpressoIDE_11.10.0_3148\workspace\TEST\utilities" -I"C:\Users\shoba\Documents\MCUXpressoIDE_11.10.0_3148\workspace\TEST\drivers" -I"C:\Users\shoba\Documents\MCUXpressoIDE_11.10.0_3148\workspace\TEST\component\uart" -I"C:\Users\shoba\Documents\MCUXpressoIDE_11.10.0_3148\workspace\TEST\component\serial_manager" -I"C:\Users\shoba\Documents\MCUXpressoIDE_11.10.0_3148\workspace\TEST\device" -I"C:\Users\shoba\Documents\MCUXpressoIDE_11.10.0_3148\workspace\TEST\CMSIS" -I"C:\Users\shoba\Documents\MCUXpressoIDE_11.10.0_3148\workspace\TEST\component\lists" -I"C:\Users\shoba\Documents\MCUXpressoIDE_11.10.0_3148\workspace\TEST\startup" -O0 -fno-common -g3 -gdwarf-4 -Wall -c -ffunction-sections -fdata-sections -fno-builtin -fmerge-constants -fmacro-prefix-map="../component/serial_manager/"= -mcpu=cortex-m33 -mfpu=fpv5-sp-d16 -mfloat-abi=hard -mthumb -D__REDLIB__ -fstack-usage -specs=redlib.specs -MMD -MP -MF"component/serial_manager/fsl_component_serial_port_uart.d" -MT"component/serial_manager/fsl_component_serial_port_uart.o" -MT"component/serial_manager/fsl_component_serial_port_uart.d" -o "component/serial_manager/fsl_component_serial_port_uart.o" "../component/serial_manager/fsl_component_serial_port_uart.c"
Building file: ../board/board.c
Building file: ../board/clock_config.c
Invoking: MCU C Compiler
arm-none-eabi-gcc -DCPU_LPC55S69JBD100 -DCPU_LPC55S69JBD100_cm33 -DCPU_LPC55S69JBD100_cm33_core0 -DSERIAL_PORT_TYPE_UART=1 -DSDK_OS_BAREMETAL -DSDK_DEBUGCONSOLE=0 -DCR_INTEGER_PRINTF -DPRINTF_FLOAT_ENABLE=0 -D__MCUXPRESSO -D__USE_CMSIS -DDEBUG -D__REDLIB__ -I"C:\Users\shoba\Documents\MCUXpressoIDE_11.10.0_3148\workspace\TEST\board" -I"C:\Users\shoba\Documents\MCUXpressoIDE_11.10.0_3148\workspace\TEST\source" -I"C:\Users\shoba\Documents\MCUXpressoIDE_11.10.0_3148\workspace\TEST\utilities" -I"C:\Users\shoba\Documents\MCUXpressoIDE_11.10.0_3148\workspace\TEST\drivers" -I"C:\Users\shoba\Documents\MCUXpressoIDE_11.10.0_3148\workspace\TEST\component\uart" -I"C:\Users\shoba\Documents\MCUXpressoIDE_11.10.0_3148\workspace\TEST\component\serial_manager" -I"C:\Users\shoba\Documents\MCUXpressoIDE_11.10.0_3148\workspace\TEST\device" -I"C:\Users\shoba\Documents\MCUXpressoIDE_11.10.0_3148\workspace\TEST\CMSIS" -I"C:\Users\shoba\Documents\MCUXpressoIDE_11.10.0_3148\workspace\TEST\component\lists" -I"C:\Users\shoba\Documents\MCUXpressoIDE_11.10.0_3148\workspace\TEST\startup" -O0 -fno-common -g3 -gdwarf-4 -Wall -c -ffunction-sections -fdata-sections -fno-builtin -fmerge-constants -fmacro-prefix-map="../component/lists/"= -mcpu=cortex-m33 -mfpu=fpv5-sp-d16 -mfloat-abi=hard -mthumb -D__REDLIB__ -fstack-usage -specs=redlib.specs -MMD -MP -MF"component/lists/fsl_component_generic_list.d" -MT"component/lists/fsl_component_generic_list.o" -MT"component/lists/fsl_component_generic_list.d" -o "component/lists/fsl_component_generic_list.o" "../component/lists/fsl_component_generic_list.c"
Invoking: MCU C Compiler
Invoking: MCU C Compiler
arm-none-eabi-gcc -DCPU_LPC55S69JBD100 -DCPU_LPC55S69JBD100_cm33 -DCPU_LPC55S69JBD100_cm33_core0 -DSERIAL_PORT_TYPE_UART=1 -DSDK_OS_BAREMETAL -DSDK_DEBUGCONSOLE=0 -DCR_INTEGER_PRINTF -DPRINTF_FLOAT_ENABLE=0 -D__MCUXPRESSO -D__USE_CMSIS -DDEBUG -D__REDLIB__ -I"C:\Users\shoba\Documents\MCUXpressoIDE_11.10.0_3148\workspace\TEST\board" -I"C:\Users\shoba\Documents\MCUXpressoIDE_11.10.0_3148\workspace\TEST\source" -I"C:\Users\shoba\Documents\MCUXpressoIDE_11.10.0_3148\workspace\TEST\utilities" -I"C:\Users\shoba\Documents\MCUXpressoIDE_11.10.0_3148\workspace\TEST\drivers" -I"C:\Users\shoba\Documents\MCUXpressoIDE_11.10.0_3148\workspace\TEST\component\uart" -I"C:\Users\shoba\Documents\MCUXpressoIDE_11.10.0_3148\workspace\TEST\component\serial_manager" -I"C:\Users\shoba\Documents\MCUXpressoIDE_11.10.0_3148\workspace\TEST\device" -I"C:\Users\shoba\Documents\MCUXpressoIDE_11.10.0_3148\workspace\TEST\CMSIS" -I"C:\Users\shoba\Documents\MCUXpressoIDE_11.10.0_3148\workspace\TEST\component\lists" -I"C:\Users\shoba\Documents\MCUXpressoIDE_11.10.0_3148\workspace\TEST\startup" -O0 -fno-common -g3 -gdwarf-4 -Wall -c -ffunction-sections -fdata-sections -fno-builtin -fmerge-constants -fmacro-prefix-map="../board/"= -mcpu=cortex-m33 -mfpu=fpv5-sp-d16 -mfloat-abi=hard -mthumb -D__REDLIB__ -fstack-usage -specs=redlib.specs -MMD -MP -MF"board/board.d" -MT"board/board.o" -MT"board/board.d" -o "board/board.o" "../board/board.c"
arm-none-eabi-gcc -DCPU_LPC55S69JBD100 -DCPU_LPC55S69JBD100_cm33 -DCPU_LPC55S69JBD100_cm33_core0 -DSERIAL_PORT_TYPE_UART=1 -DSDK_OS_BAREMETAL -DSDK_DEBUGCONSOLE=0 -DCR_INTEGER_PRINTF -DPRINTF_FLOAT_ENABLE=0 -D__MCUXPRESSO -D__USE_CMSIS -DDEBUG -D__REDLIB__ -I"C:\Users\shoba\Documents\MCUXpressoIDE_11.10.0_3148\workspace\TEST\board" -I"C:\Users\shoba\Documents\MCUXpressoIDE_11.10.0_3148\workspace\TEST\source" -I"C:\Users\shoba\Documents\MCUXpressoIDE_11.10.0_3148\workspace\TEST\utilities" -I"C:\Users\shoba\Documents\MCUXpressoIDE_11.10.0_3148\workspace\TEST\drivers" -I"C:\Users\shoba\Documents\MCUXpressoIDE_11.10.0_3148\workspace\TEST\component\uart" -I"C:\Users\shoba\Documents\MCUXpressoIDE_11.10.0_3148\workspace\TEST\component\serial_manager" -I"C:\Users\shoba\Documents\MCUXpressoIDE_11.10.0_3148\workspace\TEST\device" -I"C:\Users\shoba\Documents\MCUXpressoIDE_11.10.0_3148\workspace\TEST\CMSIS" -I"C:\Users\shoba\Documents\MCUXpressoIDE_11.10.0_3148\workspace\TEST\component\lists" -I"C:\Users\shoba\Documents\MCUXpressoIDE_11.10.0_3148\workspace\TEST\startup" -O0 -fno-common -g3 -gdwarf-4 -Wall -c -ffunction-sections -fdata-sections -fno-builtin -fmerge-constants -fmacro-prefix-map="../board/"= -mcpu=cortex-m33 -mfpu=fpv5-sp-d16 -mfloat-abi=hard -mthumb -D__REDLIB__ -fstack-usage -specs=redlib.specs -MMD -MP -MF"board/clock_config.d" -MT"board/clock_config.o" -MT"board/clock_config.d" -o "board/clock_config.o" "../board/clock_config.c"
Finished building: ../device/system_LPC55S69_cm33_core0.c
 
Finished building: ../drivers/fsl_usart.c
Building file: ../board/peripherals.c
Finished building: ../component/uart/fsl_adapter_usart.c
 
Finished building: ../component/serial_manager/fsl_component_serial_manager.c
 
Invoking: MCU C Compiler
arm-none-eabi-gcc -DCPU_LPC55S69JBD100 -DCPU_LPC55S69JBD100_cm33 -DCPU_LPC55S69JBD100_cm33_core0 -DSERIAL_PORT_TYPE_UART=1 -DSDK_OS_BAREMETAL -DSDK_DEBUGCONSOLE=0 -DCR_INTEGER_PRINTF -DPRINTF_FLOAT_ENABLE=0 -D__MCUXPRESSO -D__USE_CMSIS -DDEBUG -D__REDLIB__ -I"C:\Users\shoba\Documents\MCUXpressoIDE_11.10.0_3148\workspace\TEST\board" -I"C:\Users\shoba\Documents\MCUXpressoIDE_11.10.0_3148\workspace\TEST\source" -I"C:\Users\shoba\Documents\MCUXpressoIDE_11.10.0_3148\workspace\TEST\utilities" -I"C:\Users\shoba\Documents\MCUXpressoIDE_11.10.0_3148\workspace\TEST\drivers" -I"C:\Users\shoba\Documents\MCUXpressoIDE_11.10.0_3148\workspace\TEST\component\uart" -I"C:\Users\shoba\Documents\MCUXpressoIDE_11.10.0_3148\workspace\TEST\component\serial_manager" -I"C:\Users\shoba\Documents\MCUXpressoIDE_11.10.0_3148\workspace\TEST\device" -I"C:\Users\shoba\Documents\MCUXpressoIDE_11.10.0_3148\workspace\TEST\CMSIS" -I"C:\Users\shoba\Documents\MCUXpressoIDE_11.10.0_3148\workspace\TEST\component\lists" -I"C:\Users\shoba\Documents\MCUXpressoIDE_11.10.0_3148\workspace\TEST\startup" -O0 -fno-common -g3 -gdwarf-4 -Wall -c -ffunction-sections -fdata-sections -fno-builtin -fmerge-constants -fmacro-prefix-map="../board/"= -mcpu=cortex-m33 -mfpu=fpv5-sp-d16 -mfloat-abi=hard -mthumb -D__REDLIB__ -fstack-usage -specs=redlib.specs -MMD -MP -MF"board/peripherals.d" -MT"board/peripherals.o" -MT"board/peripherals.d" -o "board/peripherals.o" "../board/peripherals.c"
 
Finished building: ../component/serial_manager/fsl_component_serial_port_uart.c
Building file: ../board/pin_mux.c
 
Finished building: ../board/clock_config.c
Finished building: ../component/lists/fsl_component_generic_list.c
Finished building: ../board/board.c
Invoking: MCU C Compiler
 
arm-none-eabi-gcc -DCPU_LPC55S69JBD100 -DCPU_LPC55S69JBD100_cm33 -DCPU_LPC55S69JBD100_cm33_core0 -DSERIAL_PORT_TYPE_UART=1 -DSDK_OS_BAREMETAL -DSDK_DEBUGCONSOLE=0 -DCR_INTEGER_PRINTF -DPRINTF_FLOAT_ENABLE=0 -D__MCUXPRESSO -D__USE_CMSIS -DDEBUG -D__REDLIB__ -I"C:\Users\shoba\Documents\MCUXpressoIDE_11.10.0_3148\workspace\TEST\board" -I"C:\Users\shoba\Documents\MCUXpressoIDE_11.10.0_3148\workspace\TEST\source" -I"C:\Users\shoba\Documents\MCUXpressoIDE_11.10.0_3148\workspace\TEST\utilities" -I"C:\Users\shoba\Documents\MCUXpressoIDE_11.10.0_3148\workspace\TEST\drivers" -I"C:\Users\shoba\Documents\MCUXpressoIDE_11.10.0_3148\workspace\TEST\component\uart" -I"C:\Users\shoba\Documents\MCUXpressoIDE_11.10.0_3148\workspace\TEST\component\serial_manager" -I"C:\Users\shoba\Documents\MCUXpressoIDE_11.10.0_3148\workspace\TEST\device" -I"C:\Users\shoba\Documents\MCUXpressoIDE_11.10.0_3148\workspace\TEST\CMSIS" -I"C:\Users\shoba\Documents\MCUXpressoIDE_11.10.0_3148\workspace\TEST\component\lists" -I"C:\Users\shoba\Documents\MCUXpressoIDE_11.10.0_3148\workspace\TEST\startup" -O0 -fno-common -g3 -gdwarf-4 -Wall -c -ffunction-sections -fdata-sections -fno-builtin -fmerge-constants -fmacro-prefix-map="../board/"= -mcpu=cortex-m33 -mfpu=fpv5-sp-d16 -mfloat-abi=hard -mthumb -D__REDLIB__ -fstack-usage -specs=redlib.specs -MMD -MP -MF"board/pin_mux.d" -MT"board/pin_mux.o" -MT"board/pin_mux.d" -o "board/pin_mux.o" "../board/pin_mux.c"
 
 
Finished building: ../board/peripherals.c
 
Finished building: ../board/pin_mux.c
 
Building target: TEST.axf
Invoking: MCU Linker
arm-none-eabi-gcc -nostdlib -Xlinker -Map="TEST.map" -Xlinker --gc-sections -Xlinker -print-memory-usage -Xlinker --sort-section=alignment -Xlinker --cref -mcpu=cortex-m33 -mfpu=fpv5-sp-d16 -mfloat-abi=hard -mthumb -T TEST_Debug.ld -o "TEST.axf" ./utilities/fsl_assert.o ./utilities/fsl_debug_console.o ./utilities/fsl_str.o  ./startup/boot_multicore_slave.o ./startup/startup_lpc55s69_cm33_core0.o  ./source/TEST.o ./source/semihost_hardfault.o  ./drivers/fsl_clock.o ./drivers/fsl_common.o ./drivers/fsl_common_arm.o ./drivers/fsl_flexcomm.o ./drivers/fsl_gpio.o ./drivers/fsl_i2c.o ./drivers/fsl_pint.o ./drivers/fsl_power.o ./drivers/fsl_reset.o ./drivers/fsl_usart.o  ./device/system_LPC55S69_cm33_core0.o  ./component/uart/fsl_adapter_usart.o  ./component/serial_manager/fsl_component_serial_manager.o ./component/serial_manager/fsl_component_serial_port_uart.o  ./component/lists/fsl_component_generic_list.o  ./board/board.o ./board/clock_config.o ./board/peripherals.o ./board/pin_mux.o   
Memory region         Used Size  Region Size  %age Used
   PROGRAM_FLASH:       12964 B       630 KB      2.01%
            SRAM:        8512 B       256 KB      3.25%
           SRAMX:          0 GB        32 KB      0.00%
         USB_RAM:          0 GB        16 KB      0.00%
           SRAM4:          0 GB        16 KB      0.00%
Finished building target: TEST.axf
 
Performing post-build steps
arm-none-eabi-size "TEST.axf"; # arm-none-eabi-objcopy -v -O binary "TEST.axf" "TEST.bin" ; # checksum -p LPC55S69 -d "TEST.bin";
   text	   data	    bss	    dec	    hex	filename
  12956	      8	   8504	  21468	   53dc	TEST.axf
 
10:26:48 **** Incremental Build of configuration Debug for project TEST ****
make -r -j8 all 
make[1]: Nothing to be done for 'main-build'.
Performing post-build steps
arm-none-eabi-size "TEST.axf"; # arm-none-eabi-objcopy -v -O binary "TEST.axf" "TEST.bin" ; # checksum -p LPC55S69 -d "TEST.bin";
   text	   data	    bss	    dec	    hex	filename
  12956	      8	   8504	  21468	   53dc	TEST.axf
 
10:27:22 **** Incremental Build of configuration Debug for project TEST ****
make -r -j8 all 
Building file: ../source/TEST.c
Invoking: MCU C Compiler
arm-none-eabi-gcc -DCPU_LPC55S69JBD100 -DCPU_LPC55S69JBD100_cm33 -DCPU_LPC55S69JBD100_cm33_core0 -DSERIAL_PORT_TYPE_UART=1 -DSDK_OS_BAREMETAL -DSDK_DEBUGCONSOLE=0 -DCR_INTEGER_PRINTF -DPRINTF_FLOAT_ENABLE=0 -D__MCUXPRESSO -D__USE_CMSIS -DDEBUG -D__REDLIB__ -I"C:\Users\shoba\Documents\MCUXpressoIDE_11.10.0_3148\workspace\TEST\board" -I"C:\Users\shoba\Documents\MCUXpressoIDE_11.10.0_3148\workspace\TEST\source" -I"C:\Users\shoba\Documents\MCUXpressoIDE_11.10.0_3148\workspace\TEST\utilities" -I"C:\Users\shoba\Documents\MCUXpressoIDE_11.10.0_3148\workspace\TEST\drivers" -I"C:\Users\shoba\Documents\MCUXpressoIDE_11.10.0_3148\workspace\TEST\component\uart" -I"C:\Users\shoba\Documents\MCUXpressoIDE_11.10.0_3148\workspace\TEST\component\serial_manager" -I"C:\Users\shoba\Documents\MCUXpressoIDE_11.10.0_3148\workspace\TEST\device" -I"C:\Users\shoba\Documents\MCUXpressoIDE_11.10.0_3148\workspace\TEST\CMSIS" -I"C:\Users\shoba\Documents\MCUXpressoIDE_11.10.0_3148\workspace\TEST\component\lists" -I"C:\Users\shoba\Documents\MCUXpressoIDE_11.10.0_3148\workspace\TEST\startup" -O0 -fno-common -g3 -gdwarf-4 -Wall -c -ffunction-sections -fdata-sections -fno-builtin -fmerge-constants -fmacro-prefix-map="../source/"= -mcpu=cortex-m33 -mfpu=fpv5-sp-d16 -mfloat-abi=hard -mthumb -D__REDLIB__ -fstack-usage -specs=redlib.specs -MMD -MP -MF"source/TEST.d" -MT"source/TEST.o" -MT"source/TEST.d" -o "source/TEST.o" "../source/TEST.c"
../source/TEST.c: In function 'cbPint':
../source/TEST.c:28:16: warning: multi-character character constant [-Wmultichar]
   28 |         PRINTF('%d',pintr);
      |                ^~~~
../source/TEST.c:28:16: warning: passing argument 1 of '_printf' makes pointer from integer without a cast [-Wint-conversion]
   28 |         PRINTF('%d',pintr);
      |                ^~~~
      |                |
      |                int
In file included from ../source/TEST.c:12:
C:/nxp/MCUXpressoIDE_11.10.0_3148/ide/plugins/com.nxp.mcuxpresso.tools.win32_11.10.0.202311280810/tools/redlib/include/stdio.h:200:32: note: expected 'const char *' but argument is of type 'int'
  200 | extern int _printf(const char *fmt, ...);
      |                    ~~~~~~~~~~~~^~~
Finished building: ../source/TEST.c
 
Building target: TEST.axf
Invoking: MCU Linker
arm-none-eabi-gcc -nostdlib -Xlinker -Map="TEST.map" -Xlinker --gc-sections -Xlinker -print-memory-usage -Xlinker --sort-section=alignment -Xlinker --cref -mcpu=cortex-m33 -mfpu=fpv5-sp-d16 -mfloat-abi=hard -mthumb -T TEST_Debug.ld -o "TEST.axf" ./utilities/fsl_assert.o ./utilities/fsl_debug_console.o ./utilities/fsl_str.o  ./startup/boot_multicore_slave.o ./startup/startup_lpc55s69_cm33_core0.o  ./source/TEST.o ./source/semihost_hardfault.o  ./drivers/fsl_clock.o ./drivers/fsl_common.o ./drivers/fsl_common_arm.o ./drivers/fsl_flexcomm.o ./drivers/fsl_gpio.o ./drivers/fsl_i2c.o ./drivers/fsl_pint.o ./drivers/fsl_power.o ./drivers/fsl_reset.o ./drivers/fsl_usart.o  ./device/system_LPC55S69_cm33_core0.o  ./component/uart/fsl_adapter_usart.o  ./component/serial_manager/fsl_component_serial_manager.o ./component/serial_manager/fsl_component_serial_port_uart.o  ./component/lists/fsl_component_generic_list.o  ./board/board.o ./board/clock_config.o ./board/peripherals.o ./board/pin_mux.o   
Memory region         Used Size  Region Size  %age Used
   PROGRAM_FLASH:       12964 B       630 KB      2.01%
            SRAM:        8512 B       256 KB      3.25%
           SRAMX:          0 GB        32 KB      0.00%
         USB_RAM:          0 GB        16 KB      0.00%
           SRAM4:          0 GB        16 KB      0.00%
Finished building target: TEST.axf
 
Performing post-build steps
arm-none-eabi-size "TEST.axf"; # arm-none-eabi-objcopy -v -O binary "TEST.axf" "TEST.bin" ; # checksum -p LPC55S69 -d "TEST.bin";
   text	   data	    bss	    dec	    hex	filename
  12956	      8	   8504	  21468	   53dc	TEST.axf
 
10:30:55 **** Clean-only build of configuration Debug for project TEST ****
make -r -j8 clean 
rm -rf ./utilities/fsl_assert.d ./utilities/fsl_assert.o ./utilities/fsl_debug_console.d ./utilities/fsl_debug_console.o ./utilities/fsl_str.d ./utilities/fsl_str.o
rm -rf ./startup/boot_multicore_slave.d ./startup/boot_multicore_slave.o ./startup/startup_lpc55s69_cm33_core0.d ./startup/startup_lpc55s69_cm33_core0.o
rm -rf ./source/TEST.d ./source/TEST.o ./source/semihost_hardfault.d ./source/semihost_hardfault.o
rm -rf ./drivers/fsl_clock.d ./drivers/fsl_clock.o ./drivers/fsl_common.d ./drivers/fsl_common.o ./drivers/fsl_common_arm.d ./drivers/fsl_common_arm.o ./drivers/fsl_flexcomm.d ./drivers/fsl_flexcomm.o ./drivers/fsl_gpio.d ./drivers/fsl_gpio.o ./drivers/fsl_i2c.d ./drivers/fsl_i2c.o ./drivers/fsl_pint.d ./drivers/fsl_pint.o ./drivers/fsl_power.d ./drivers/fsl_power.o ./drivers/fsl_reset.d ./drivers/fsl_reset.o ./drivers/fsl_usart.d ./drivers/fsl_usart.o
rm -rf ./device/system_LPC55S69_cm33_core0.d ./device/system_LPC55S69_cm33_core0.o
rm -rf ./component/uart/fsl_adapter_usart.d ./component/uart/fsl_adapter_usart.o
rm -rf ./component/serial_manager/fsl_component_serial_manager.d ./component/serial_manager/fsl_component_serial_manager.o ./component/serial_manager/fsl_component_serial_port_uart.d ./component/serial_manager/fsl_component_serial_port_uart.o
rm -rf ./component/lists/fsl_component_generic_list.d ./component/lists/fsl_component_generic_list.o
rm -rf ./board/board.d ./board/board.o ./board/clock_config.d ./board/clock_config.o ./board/peripherals.d ./board/peripherals.o ./board/pin_mux.d ./board/pin_mux.o
rm -rf TEST.axf
 
10:30:55 **** Incremental Build of configuration Debug for project TEST ****
make -r -j8 all 
Building file: ../utilities/fsl_assert.c
Building file: ../utilities/fsl_debug_console.c
Building file: ../utilities/fsl_str.c
Building file: ../startup/boot_multicore_slave.c
Invoking: MCU C Compiler
Invoking: MCU C Compiler
arm-none-eabi-gcc -DCPU_LPC55S69JBD100 -DCPU_LPC55S69JBD100_cm33 -DCPU_LPC55S69JBD100_cm33_core0 -DSERIAL_PORT_TYPE_UART=1 -DSDK_OS_BAREMETAL -DSDK_DEBUGCONSOLE=0 -DCR_INTEGER_PRINTF -DPRINTF_FLOAT_ENABLE=0 -D__MCUXPRESSO -D__USE_CMSIS -DDEBUG -D__REDLIB__ -I"C:\Users\shoba\Documents\MCUXpressoIDE_11.10.0_3148\workspace\TEST\board" -I"C:\Users\shoba\Documents\MCUXpressoIDE_11.10.0_3148\workspace\TEST\source" -I"C:\Users\shoba\Documents\MCUXpressoIDE_11.10.0_3148\workspace\TEST\utilities" -I"C:\Users\shoba\Documents\MCUXpressoIDE_11.10.0_3148\workspace\TEST\drivers" -I"C:\Users\shoba\Documents\MCUXpressoIDE_11.10.0_3148\workspace\TEST\component\uart" -I"C:\Users\shoba\Documents\MCUXpressoIDE_11.10.0_3148\workspace\TEST\component\serial_manager" -I"C:\Users\shoba\Documents\MCUXpressoIDE_11.10.0_3148\workspace\TEST\device" -I"C:\Users\shoba\Documents\MCUXpressoIDE_11.10.0_3148\workspace\TEST\CMSIS" -I"C:\Users\shoba\Documents\MCUXpressoIDE_11.10.0_3148\workspace\TEST\component\lists" -I"C:\Users\shoba\Documents\MCUXpressoIDE_11.10.0_3148\workspace\TEST\startup" -O0 -fno-common -g3 -gdwarf-4 -Wall -c -ffunction-sections -fdata-sections -fno-builtin -fmerge-constants -fmacro-prefix-map="../utilities/"= -mcpu=cortex-m33 -mfpu=fpv5-sp-d16 -mfloat-abi=hard -mthumb -D__REDLIB__ -fstack-usage -specs=redlib.specs -MMD -MP -MF"utilities/fsl_assert.d" -MT"utilities/fsl_assert.o" -MT"utilities/fsl_assert.d" -o "utilities/fsl_assert.o" "../utilities/fsl_assert.c"
Invoking: MCU C Compiler
arm-none-eabi-gcc -DCPU_LPC55S69JBD100 -DCPU_LPC55S69JBD100_cm33 -DCPU_LPC55S69JBD100_cm33_core0 -DSERIAL_PORT_TYPE_UART=1 -DSDK_OS_BAREMETAL -DSDK_DEBUGCONSOLE=0 -DCR_INTEGER_PRINTF -DPRINTF_FLOAT_ENABLE=0 -D__MCUXPRESSO -D__USE_CMSIS -DDEBUG -D__REDLIB__ -I"C:\Users\shoba\Documents\MCUXpressoIDE_11.10.0_3148\workspace\TEST\board" -I"C:\Users\shoba\Documents\MCUXpressoIDE_11.10.0_3148\workspace\TEST\source" -I"C:\Users\shoba\Documents\MCUXpressoIDE_11.10.0_3148\workspace\TEST\utilities" -I"C:\Users\shoba\Documents\MCUXpressoIDE_11.10.0_3148\workspace\TEST\drivers" -I"C:\Users\shoba\Documents\MCUXpressoIDE_11.10.0_3148\workspace\TEST\component\uart" -I"C:\Users\shoba\Documents\MCUXpressoIDE_11.10.0_3148\workspace\TEST\component\serial_manager" -I"C:\Users\shoba\Documents\MCUXpressoIDE_11.10.0_3148\workspace\TEST\device" -I"C:\Users\shoba\Documents\MCUXpressoIDE_11.10.0_3148\workspace\TEST\CMSIS" -I"C:\Users\shoba\Documents\MCUXpressoIDE_11.10.0_3148\workspace\TEST\component\lists" -I"C:\Users\shoba\Documents\MCUXpressoIDE_11.10.0_3148\workspace\TEST\startup" -O0 -fno-common -g3 -gdwarf-4 -Wall -c -ffunction-sections -fdata-sections -fno-builtin -fmerge-constants -fmacro-prefix-map="../utilities/"= -mcpu=cortex-m33 -mfpu=fpv5-sp-d16 -mfloat-abi=hard -mthumb -D__REDLIB__ -fstack-usage -specs=redlib.specs -MMD -MP -MF"utilities/fsl_debug_console.d" -MT"utilities/fsl_debug_console.o" -MT"utilities/fsl_debug_console.d" -o "utilities/fsl_debug_console.o" "../utilities/fsl_debug_console.c"
Invoking: MCU C Compiler
arm-none-eabi-gcc -DCPU_LPC55S69JBD100 -DCPU_LPC55S69JBD100_cm33 -DCPU_LPC55S69JBD100_cm33_core0 -DSERIAL_PORT_TYPE_UART=1 -DSDK_OS_BAREMETAL -DSDK_DEBUGCONSOLE=0 -DCR_INTEGER_PRINTF -DPRINTF_FLOAT_ENABLE=0 -D__MCUXPRESSO -D__USE_CMSIS -DDEBUG -D__REDLIB__ -I"C:\Users\shoba\Documents\MCUXpressoIDE_11.10.0_3148\workspace\TEST\board" -I"C:\Users\shoba\Documents\MCUXpressoIDE_11.10.0_3148\workspace\TEST\source" -I"C:\Users\shoba\Documents\MCUXpressoIDE_11.10.0_3148\workspace\TEST\utilities" -I"C:\Users\shoba\Documents\MCUXpressoIDE_11.10.0_3148\workspace\TEST\drivers" -I"C:\Users\shoba\Documents\MCUXpressoIDE_11.10.0_3148\workspace\TEST\component\uart" -I"C:\Users\shoba\Documents\MCUXpressoIDE_11.10.0_3148\workspace\TEST\component\serial_manager" -I"C:\Users\shoba\Documents\MCUXpressoIDE_11.10.0_3148\workspace\TEST\device" -I"C:\Users\shoba\Documents\MCUXpressoIDE_11.10.0_3148\workspace\TEST\CMSIS" -I"C:\Users\shoba\Documents\MCUXpressoIDE_11.10.0_3148\workspace\TEST\component\lists" -I"C:\Users\shoba\Documents\MCUXpressoIDE_11.10.0_3148\workspace\TEST\startup" -O0 -fno-common -g3 -gdwarf-4 -Wall -c -ffunction-sections -fdata-sections -fno-builtin -fmerge-constants -fmacro-prefix-map="../utilities/"= -mcpu=cortex-m33 -mfpu=fpv5-sp-d16 -mfloat-abi=hard -mthumb -D__REDLIB__ -fstack-usage -specs=redlib.specs -MMD -MP -MF"utilities/fsl_str.d" -MT"utilities/fsl_str.o" -MT"utilities/fsl_str.d" -o "utilities/fsl_str.o" "../utilities/fsl_str.c"
arm-none-eabi-gcc -DCPU_LPC55S69JBD100 -DCPU_LPC55S69JBD100_cm33 -DCPU_LPC55S69JBD100_cm33_core0 -DSERIAL_PORT_TYPE_UART=1 -DSDK_OS_BAREMETAL -DSDK_DEBUGCONSOLE=0 -DCR_INTEGER_PRINTF -DPRINTF_FLOAT_ENABLE=0 -D__MCUXPRESSO -D__USE_CMSIS -DDEBUG -D__REDLIB__ -I"C:\Users\shoba\Documents\MCUXpressoIDE_11.10.0_3148\workspace\TEST\board" -I"C:\Users\shoba\Documents\MCUXpressoIDE_11.10.0_3148\workspace\TEST\source" -I"C:\Users\shoba\Documents\MCUXpressoIDE_11.10.0_3148\workspace\TEST\utilities" -I"C:\Users\shoba\Documents\MCUXpressoIDE_11.10.0_3148\workspace\TEST\drivers" -I"C:\Users\shoba\Documents\MCUXpressoIDE_11.10.0_3148\workspace\TEST\component\uart" -I"C:\Users\shoba\Documents\MCUXpressoIDE_11.10.0_3148\workspace\TEST\component\serial_manager" -I"C:\Users\shoba\Documents\MCUXpressoIDE_11.10.0_3148\workspace\TEST\device" -I"C:\Users\shoba\Documents\MCUXpressoIDE_11.10.0_3148\workspace\TEST\CMSIS" -I"C:\Users\shoba\Documents\MCUXpressoIDE_11.10.0_3148\workspace\TEST\component\lists" -I"C:\Users\shoba\Documents\MCUXpressoIDE_11.10.0_3148\workspace\TEST\startup" -O0 -fno-common -g3 -gdwarf-4 -Wall -c -ffunction-sections -fdata-sections -fno-builtin -fmerge-constants -fmacro-prefix-map="../startup/"= -mcpu=cortex-m33 -mfpu=fpv5-sp-d16 -mfloat-abi=hard -mthumb -D__REDLIB__ -fstack-usage -specs=redlib.specs -MMD -MP -MF"startup/boot_multicore_slave.d" -MT"startup/boot_multicore_slave.o" -MT"startup/boot_multicore_slave.d" -o "startup/boot_multicore_slave.o" "../startup/boot_multicore_slave.c"
Building file: ../startup/startup_lpc55s69_cm33_core0.c
Building file: ../source/TEST.c
Building file: ../source/semihost_hardfault.c
Invoking: MCU C Compiler
Invoking: MCU C Compiler
Building file: ../drivers/fsl_clock.c
arm-none-eabi-gcc -DCPU_LPC55S69JBD100 -DCPU_LPC55S69JBD100_cm33 -DCPU_LPC55S69JBD100_cm33_core0 -DSERIAL_PORT_TYPE_UART=1 -DSDK_OS_BAREMETAL -DSDK_DEBUGCONSOLE=0 -DCR_INTEGER_PRINTF -DPRINTF_FLOAT_ENABLE=0 -D__MCUXPRESSO -D__USE_CMSIS -DDEBUG -D__REDLIB__ -I"C:\Users\shoba\Documents\MCUXpressoIDE_11.10.0_3148\workspace\TEST\board" -I"C:\Users\shoba\Documents\MCUXpressoIDE_11.10.0_3148\workspace\TEST\source" -I"C:\Users\shoba\Documents\MCUXpressoIDE_11.10.0_3148\workspace\TEST\utilities" -I"C:\Users\shoba\Documents\MCUXpressoIDE_11.10.0_3148\workspace\TEST\drivers" -I"C:\Users\shoba\Documents\MCUXpressoIDE_11.10.0_3148\workspace\TEST\component\uart" -I"C:\Users\shoba\Documents\MCUXpressoIDE_11.10.0_3148\workspace\TEST\component\serial_manager" -I"C:\Users\shoba\Documents\MCUXpressoIDE_11.10.0_3148\workspace\TEST\device" -I"C:\Users\shoba\Documents\MCUXpressoIDE_11.10.0_3148\workspace\TEST\CMSIS" -I"C:\Users\shoba\Documents\MCUXpressoIDE_11.10.0_3148\workspace\TEST\component\lists" -I"C:\Users\shoba\Documents\MCUXpressoIDE_11.10.0_3148\workspace\TEST\startup" -O0 -fno-common -g3 -gdwarf-4 -Wall -c -ffunction-sections -fdata-sections -fno-builtin -fmerge-constants -fmacro-prefix-map="../startup/"= -mcpu=cortex-m33 -mfpu=fpv5-sp-d16 -mfloat-abi=hard -mthumb -D__REDLIB__ -fstack-usage -specs=redlib.specs -MMD -MP -MF"startup/startup_lpc55s69_cm33_core0.d" -MT"startup/startup_lpc55s69_cm33_core0.o" -MT"startup/startup_lpc55s69_cm33_core0.d" -o "startup/startup_lpc55s69_cm33_core0.o" "../startup/startup_lpc55s69_cm33_core0.c"
arm-none-eabi-gcc -DCPU_LPC55S69JBD100 -DCPU_LPC55S69JBD100_cm33 -DCPU_LPC55S69JBD100_cm33_core0 -DSERIAL_PORT_TYPE_UART=1 -DSDK_OS_BAREMETAL -DSDK_DEBUGCONSOLE=0 -DCR_INTEGER_PRINTF -DPRINTF_FLOAT_ENABLE=0 -D__MCUXPRESSO -D__USE_CMSIS -DDEBUG -D__REDLIB__ -I"C:\Users\shoba\Documents\MCUXpressoIDE_11.10.0_3148\workspace\TEST\board" -I"C:\Users\shoba\Documents\MCUXpressoIDE_11.10.0_3148\workspace\TEST\source" -I"C:\Users\shoba\Documents\MCUXpressoIDE_11.10.0_3148\workspace\TEST\utilities" -I"C:\Users\shoba\Documents\MCUXpressoIDE_11.10.0_3148\workspace\TEST\drivers" -I"C:\Users\shoba\Documents\MCUXpressoIDE_11.10.0_3148\workspace\TEST\component\uart" -I"C:\Users\shoba\Documents\MCUXpressoIDE_11.10.0_3148\workspace\TEST\component\serial_manager" -I"C:\Users\shoba\Documents\MCUXpressoIDE_11.10.0_3148\workspace\TEST\device" -I"C:\Users\shoba\Documents\MCUXpressoIDE_11.10.0_3148\workspace\TEST\CMSIS" -I"C:\Users\shoba\Documents\MCUXpressoIDE_11.10.0_3148\workspace\TEST\component\lists" -I"C:\Users\shoba\Documents\MCUXpressoIDE_11.10.0_3148\workspace\TEST\startup" -O0 -fno-common -g3 -gdwarf-4 -Wall -c -ffunction-sections -fdata-sections -fno-builtin -fmerge-constants -fmacro-prefix-map="../source/"= -mcpu=cortex-m33 -mfpu=fpv5-sp-d16 -mfloat-abi=hard -mthumb -D__REDLIB__ -fstack-usage -specs=redlib.specs -MMD -MP -MF"source/TEST.d" -MT"source/TEST.o" -MT"source/TEST.d" -o "source/TEST.o" "../source/TEST.c"
Invoking: MCU C Compiler
arm-none-eabi-gcc -DCPU_LPC55S69JBD100 -DCPU_LPC55S69JBD100_cm33 -DCPU_LPC55S69JBD100_cm33_core0 -DSERIAL_PORT_TYPE_UART=1 -DSDK_OS_BAREMETAL -DSDK_DEBUGCONSOLE=0 -DCR_INTEGER_PRINTF -DPRINTF_FLOAT_ENABLE=0 -D__MCUXPRESSO -D__USE_CMSIS -DDEBUG -D__REDLIB__ -I"C:\Users\shoba\Documents\MCUXpressoIDE_11.10.0_3148\workspace\TEST\board" -I"C:\Users\shoba\Documents\MCUXpressoIDE_11.10.0_3148\workspace\TEST\source" -I"C:\Users\shoba\Documents\MCUXpressoIDE_11.10.0_3148\workspace\TEST\utilities" -I"C:\Users\shoba\Documents\MCUXpressoIDE_11.10.0_3148\workspace\TEST\drivers" -I"C:\Users\shoba\Documents\MCUXpressoIDE_11.10.0_3148\workspace\TEST\component\uart" -I"C:\Users\shoba\Documents\MCUXpressoIDE_11.10.0_3148\workspace\TEST\component\serial_manager" -I"C:\Users\shoba\Documents\MCUXpressoIDE_11.10.0_3148\workspace\TEST\device" -I"C:\Users\shoba\Documents\MCUXpressoIDE_11.10.0_3148\workspace\TEST\CMSIS" -I"C:\Users\shoba\Documents\MCUXpressoIDE_11.10.0_3148\workspace\TEST\component\lists" -I"C:\Users\shoba\Documents\MCUXpressoIDE_11.10.0_3148\workspace\TEST\startup" -O0 -fno-common -g3 -gdwarf-4 -Wall -c -ffunction-sections -fdata-sections -fno-builtin -fmerge-constants -fmacro-prefix-map="../source/"= -mcpu=cortex-m33 -mfpu=fpv5-sp-d16 -mfloat-abi=hard -mthumb -D__REDLIB__ -fstack-usage -specs=redlib.specs -MMD -MP -MF"source/semihost_hardfault.d" -MT"source/semihost_hardfault.o" -MT"source/semihost_hardfault.d" -o "source/semihost_hardfault.o" "../source/semihost_hardfault.c"
Invoking: MCU C Compiler
arm-none-eabi-gcc -DCPU_LPC55S69JBD100 -DCPU_LPC55S69JBD100_cm33 -DCPU_LPC55S69JBD100_cm33_core0 -DSERIAL_PORT_TYPE_UART=1 -DSDK_OS_BAREMETAL -DSDK_DEBUGCONSOLE=0 -DCR_INTEGER_PRINTF -DPRINTF_FLOAT_ENABLE=0 -D__MCUXPRESSO -D__USE_CMSIS -DDEBUG -D__REDLIB__ -I"C:\Users\shoba\Documents\MCUXpressoIDE_11.10.0_3148\workspace\TEST\board" -I"C:\Users\shoba\Documents\MCUXpressoIDE_11.10.0_3148\workspace\TEST\source" -I"C:\Users\shoba\Documents\MCUXpressoIDE_11.10.0_3148\workspace\TEST\utilities" -I"C:\Users\shoba\Documents\MCUXpressoIDE_11.10.0_3148\workspace\TEST\drivers" -I"C:\Users\shoba\Documents\MCUXpressoIDE_11.10.0_3148\workspace\TEST\component\uart" -I"C:\Users\shoba\Documents\MCUXpressoIDE_11.10.0_3148\workspace\TEST\component\serial_manager" -I"C:\Users\shoba\Documents\MCUXpressoIDE_11.10.0_3148\workspace\TEST\device" -I"C:\Users\shoba\Documents\MCUXpressoIDE_11.10.0_3148\workspace\TEST\CMSIS" -I"C:\Users\shoba\Documents\MCUXpressoIDE_11.10.0_3148\workspace\TEST\component\lists" -I"C:\Users\shoba\Documents\MCUXpressoIDE_11.10.0_3148\workspace\TEST\startup" -O0 -fno-common -g3 -gdwarf-4 -Wall -c -ffunction-sections -fdata-sections -fno-builtin -fmerge-constants -fmacro-prefix-map="../drivers/"= -mcpu=cortex-m33 -mfpu=fpv5-sp-d16 -mfloat-abi=hard -mthumb -D__REDLIB__ -fstack-usage -specs=redlib.specs -MMD -MP -MF"drivers/fsl_clock.d" -MT"drivers/fsl_clock.o" -MT"drivers/fsl_clock.d" -o "drivers/fsl_clock.o" "../drivers/fsl_clock.c"
../source/TEST.c: In function 'cbPint':
../source/TEST.c:28:16: warning: multi-character character constant [-Wmultichar]
   28 |         PRINTF('%d',pintr);
      |                ^~~~
../source/TEST.c:28:16: warning: passing argument 1 of '_printf' makes pointer from integer without a cast [-Wint-conversion]
   28 |         PRINTF('%d',pintr);
      |                ^~~~
      |                |
      |                int
In file included from ../source/TEST.c:12:
C:/nxp/MCUXpressoIDE_11.10.0_3148/ide/plugins/com.nxp.mcuxpresso.tools.win32_11.10.0.202311280810/tools/redlib/include/stdio.h:200:32: note: expected 'const char *' but argument is of type 'int'
  200 | extern int _printf(const char *fmt, ...);
      |                    ~~~~~~~~~~~~^~~
Finished building: ../startup/boot_multicore_slave.c
Finished building: ../source/semihost_hardfault.c
 
 
Building file: ../drivers/fsl_common.c
Building file: ../drivers/fsl_common_arm.c
Invoking: MCU C Compiler
Invoking: MCU C Compiler
arm-none-eabi-gcc -DCPU_LPC55S69JBD100 -DCPU_LPC55S69JBD100_cm33 -DCPU_LPC55S69JBD100_cm33_core0 -DSERIAL_PORT_TYPE_UART=1 -DSDK_OS_BAREMETAL -DSDK_DEBUGCONSOLE=0 -DCR_INTEGER_PRINTF -DPRINTF_FLOAT_ENABLE=0 -D__MCUXPRESSO -D__USE_CMSIS -DDEBUG -D__REDLIB__ -I"C:\Users\shoba\Documents\MCUXpressoIDE_11.10.0_3148\workspace\TEST\board" -I"C:\Users\shoba\Documents\MCUXpressoIDE_11.10.0_3148\workspace\TEST\source" -I"C:\Users\shoba\Documents\MCUXpressoIDE_11.10.0_3148\workspace\TEST\utilities" -I"C:\Users\shoba\Documents\MCUXpressoIDE_11.10.0_3148\workspace\TEST\drivers" -I"C:\Users\shoba\Documents\MCUXpressoIDE_11.10.0_3148\workspace\TEST\component\uart" -I"C:\Users\shoba\Documents\MCUXpressoIDE_11.10.0_3148\workspace\TEST\component\serial_manager" -I"C:\Users\shoba\Documents\MCUXpressoIDE_11.10.0_3148\workspace\TEST\device" -I"C:\Users\shoba\Documents\MCUXpressoIDE_11.10.0_3148\workspace\TEST\CMSIS" -I"C:\Users\shoba\Documents\MCUXpressoIDE_11.10.0_3148\workspace\TEST\component\lists" -I"C:\Users\shoba\Documents\MCUXpressoIDE_11.10.0_3148\workspace\TEST\startup" -O0 -fno-common -g3 -gdwarf-4 -Wall -c -ffunction-sections -fdata-sections -fno-builtin -fmerge-constants -fmacro-prefix-map="../drivers/"= -mcpu=cortex-m33 -mfpu=fpv5-sp-d16 -mfloat-abi=hard -mthumb -D__REDLIB__ -fstack-usage -specs=redlib.specs -MMD -MP -MF"drivers/fsl_common.d" -MT"drivers/fsl_common.o" -MT"drivers/fsl_common.d" -o "drivers/fsl_common.o" "../drivers/fsl_common.c"
arm-none-eabi-gcc -DCPU_LPC55S69JBD100 -DCPU_LPC55S69JBD100_cm33 -DCPU_LPC55S69JBD100_cm33_core0 -DSERIAL_PORT_TYPE_UART=1 -DSDK_OS_BAREMETAL -DSDK_DEBUGCONSOLE=0 -DCR_INTEGER_PRINTF -DPRINTF_FLOAT_ENABLE=0 -D__MCUXPRESSO -D__USE_CMSIS -DDEBUG -D__REDLIB__ -I"C:\Users\shoba\Documents\MCUXpressoIDE_11.10.0_3148\workspace\TEST\board" -I"C:\Users\shoba\Documents\MCUXpressoIDE_11.10.0_3148\workspace\TEST\source" -I"C:\Users\shoba\Documents\MCUXpressoIDE_11.10.0_3148\workspace\TEST\utilities" -I"C:\Users\shoba\Documents\MCUXpressoIDE_11.10.0_3148\workspace\TEST\drivers" -I"C:\Users\shoba\Documents\MCUXpressoIDE_11.10.0_3148\workspace\TEST\component\uart" -I"C:\Users\shoba\Documents\MCUXpressoIDE_11.10.0_3148\workspace\TEST\component\serial_manager" -I"C:\Users\shoba\Documents\MCUXpressoIDE_11.10.0_3148\workspace\TEST\device" -I"C:\Users\shoba\Documents\MCUXpressoIDE_11.10.0_3148\workspace\TEST\CMSIS" -I"C:\Users\shoba\Documents\MCUXpressoIDE_11.10.0_3148\workspace\TEST\component\lists" -I"C:\Users\shoba\Documents\MCUXpressoIDE_11.10.0_3148\workspace\TEST\startup" -O0 -fno-common -g3 -gdwarf-4 -Wall -c -ffunction-sections -fdata-sections -fno-builtin -fmerge-constants -fmacro-prefix-map="../drivers/"= -mcpu=cortex-m33 -mfpu=fpv5-sp-d16 -mfloat-abi=hard -mthumb -D__REDLIB__ -fstack-usage -specs=redlib.specs -MMD -MP -MF"drivers/fsl_common_arm.d" -MT"drivers/fsl_common_arm.o" -MT"drivers/fsl_common_arm.d" -o "drivers/fsl_common_arm.o" "../drivers/fsl_common_arm.c"
Finished building: ../startup/startup_lpc55s69_cm33_core0.c
Finished building: ../utilities/fsl_debug_console.c
Finished building: ../utilities/fsl_assert.c
 
 
 
Building file: ../drivers/fsl_flexcomm.c
Finished building: ../source/TEST.c
Finished building: ../utilities/fsl_str.c
Building file: ../drivers/fsl_gpio.c
Invoking: MCU C Compiler
 
arm-none-eabi-gcc -DCPU_LPC55S69JBD100 -DCPU_LPC55S69JBD100_cm33 -DCPU_LPC55S69JBD100_cm33_core0 -DSERIAL_PORT_TYPE_UART=1 -DSDK_OS_BAREMETAL -DSDK_DEBUGCONSOLE=0 -DCR_INTEGER_PRINTF -DPRINTF_FLOAT_ENABLE=0 -D__MCUXPRESSO -D__USE_CMSIS -DDEBUG -D__REDLIB__ -I"C:\Users\shoba\Documents\MCUXpressoIDE_11.10.0_3148\workspace\TEST\board" -I"C:\Users\shoba\Documents\MCUXpressoIDE_11.10.0_3148\workspace\TEST\source" -I"C:\Users\shoba\Documents\MCUXpressoIDE_11.10.0_3148\workspace\TEST\utilities" -I"C:\Users\shoba\Documents\MCUXpressoIDE_11.10.0_3148\workspace\TEST\drivers" -I"C:\Users\shoba\Documents\MCUXpressoIDE_11.10.0_3148\workspace\TEST\component\uart" -I"C:\Users\shoba\Documents\MCUXpressoIDE_11.10.0_3148\workspace\TEST\component\serial_manager" -I"C:\Users\shoba\Documents\MCUXpressoIDE_11.10.0_3148\workspace\TEST\device" -I"C:\Users\shoba\Documents\MCUXpressoIDE_11.10.0_3148\workspace\TEST\CMSIS" -I"C:\Users\shoba\Documents\MCUXpressoIDE_11.10.0_3148\workspace\TEST\component\lists" -I"C:\Users\shoba\Documents\MCUXpressoIDE_11.10.0_3148\workspace\TEST\startup" -O0 -fno-common -g3 -gdwarf-4 -Wall -c -ffunction-sections -fdata-sections -fno-builtin -fmerge-constants -fmacro-prefix-map="../drivers/"= -mcpu=cortex-m33 -mfpu=fpv5-sp-d16 -mfloat-abi=hard -mthumb -D__REDLIB__ -fstack-usage -specs=redlib.specs -MMD -MP -MF"drivers/fsl_flexcomm.d" -MT"drivers/fsl_flexcomm.o" -MT"drivers/fsl_flexcomm.d" -o "drivers/fsl_flexcomm.o" "../drivers/fsl_flexcomm.c"
 
Invoking: MCU C Compiler
arm-none-eabi-gcc -DCPU_LPC55S69JBD100 -DCPU_LPC55S69JBD100_cm33 -DCPU_LPC55S69JBD100_cm33_core0 -DSERIAL_PORT_TYPE_UART=1 -DSDK_OS_BAREMETAL -DSDK_DEBUGCONSOLE=0 -DCR_INTEGER_PRINTF -DPRINTF_FLOAT_ENABLE=0 -D__MCUXPRESSO -D__USE_CMSIS -DDEBUG -D__REDLIB__ -I"C:\Users\shoba\Documents\MCUXpressoIDE_11.10.0_3148\workspace\TEST\board" -I"C:\Users\shoba\Documents\MCUXpressoIDE_11.10.0_3148\workspace\TEST\source" -I"C:\Users\shoba\Documents\MCUXpressoIDE_11.10.0_3148\workspace\TEST\utilities" -I"C:\Users\shoba\Documents\MCUXpressoIDE_11.10.0_3148\workspace\TEST\drivers" -I"C:\Users\shoba\Documents\MCUXpressoIDE_11.10.0_3148\workspace\TEST\component\uart" -I"C:\Users\shoba\Documents\MCUXpressoIDE_11.10.0_3148\workspace\TEST\component\serial_manager" -I"C:\Users\shoba\Documents\MCUXpressoIDE_11.10.0_3148\workspace\TEST\device" -I"C:\Users\shoba\Documents\MCUXpressoIDE_11.10.0_3148\workspace\TEST\CMSIS" -I"C:\Users\shoba\Documents\MCUXpressoIDE_11.10.0_3148\workspace\TEST\component\lists" -I"C:\Users\shoba\Documents\MCUXpressoIDE_11.10.0_3148\workspace\TEST\startup" -O0 -fno-common -g3 -gdwarf-4 -Wall -c -ffunction-sections -fdata-sections -fno-builtin -fmerge-constants -fmacro-prefix-map="../drivers/"= -mcpu=cortex-m33 -mfpu=fpv5-sp-d16 -mfloat-abi=hard -mthumb -D__REDLIB__ -fstack-usage -specs=redlib.specs -MMD -MP -MF"drivers/fsl_gpio.d" -MT"drivers/fsl_gpio.o" -MT"drivers/fsl_gpio.d" -o "drivers/fsl_gpio.o" "../drivers/fsl_gpio.c"
Building file: ../drivers/fsl_pint.c
Building file: ../drivers/fsl_i2c.c
Building file: ../drivers/fsl_power.c
Invoking: MCU C Compiler
Invoking: MCU C Compiler
arm-none-eabi-gcc -DCPU_LPC55S69JBD100 -DCPU_LPC55S69JBD100_cm33 -DCPU_LPC55S69JBD100_cm33_core0 -DSERIAL_PORT_TYPE_UART=1 -DSDK_OS_BAREMETAL -DSDK_DEBUGCONSOLE=0 -DCR_INTEGER_PRINTF -DPRINTF_FLOAT_ENABLE=0 -D__MCUXPRESSO -D__USE_CMSIS -DDEBUG -D__REDLIB__ -I"C:\Users\shoba\Documents\MCUXpressoIDE_11.10.0_3148\workspace\TEST\board" -I"C:\Users\shoba\Documents\MCUXpressoIDE_11.10.0_3148\workspace\TEST\source" -I"C:\Users\shoba\Documents\MCUXpressoIDE_11.10.0_3148\workspace\TEST\utilities" -I"C:\Users\shoba\Documents\MCUXpressoIDE_11.10.0_3148\workspace\TEST\drivers" -I"C:\Users\shoba\Documents\MCUXpressoIDE_11.10.0_3148\workspace\TEST\component\uart" -I"C:\Users\shoba\Documents\MCUXpressoIDE_11.10.0_3148\workspace\TEST\component\serial_manager" -I"C:\Users\shoba\Documents\MCUXpressoIDE_11.10.0_3148\workspace\TEST\device" -I"C:\Users\shoba\Documents\MCUXpressoIDE_11.10.0_3148\workspace\TEST\CMSIS" -I"C:\Users\shoba\Documents\MCUXpressoIDE_11.10.0_3148\workspace\TEST\component\lists" -I"C:\Users\shoba\Documents\MCUXpressoIDE_11.10.0_3148\workspace\TEST\startup" -O0 -fno-common -g3 -gdwarf-4 -Wall -c -ffunction-sections -fdata-sections -fno-builtin -fmerge-constants -fmacro-prefix-map="../drivers/"= -mcpu=cortex-m33 -mfpu=fpv5-sp-d16 -mfloat-abi=hard -mthumb -D__REDLIB__ -fstack-usage -specs=redlib.specs -MMD -MP -MF"drivers/fsl_i2c.d" -MT"drivers/fsl_i2c.o" -MT"drivers/fsl_i2c.d" -o "drivers/fsl_i2c.o" "../drivers/fsl_i2c.c"
Invoking: MCU C Compiler
arm-none-eabi-gcc -DCPU_LPC55S69JBD100 -DCPU_LPC55S69JBD100_cm33 -DCPU_LPC55S69JBD100_cm33_core0 -DSERIAL_PORT_TYPE_UART=1 -DSDK_OS_BAREMETAL -DSDK_DEBUGCONSOLE=0 -DCR_INTEGER_PRINTF -DPRINTF_FLOAT_ENABLE=0 -D__MCUXPRESSO -D__USE_CMSIS -DDEBUG -D__REDLIB__ -I"C:\Users\shoba\Documents\MCUXpressoIDE_11.10.0_3148\workspace\TEST\board" -I"C:\Users\shoba\Documents\MCUXpressoIDE_11.10.0_3148\workspace\TEST\source" -I"C:\Users\shoba\Documents\MCUXpressoIDE_11.10.0_3148\workspace\TEST\utilities" -I"C:\Users\shoba\Documents\MCUXpressoIDE_11.10.0_3148\workspace\TEST\drivers" -I"C:\Users\shoba\Documents\MCUXpressoIDE_11.10.0_3148\workspace\TEST\component\uart" -I"C:\Users\shoba\Documents\MCUXpressoIDE_11.10.0_3148\workspace\TEST\component\serial_manager" -I"C:\Users\shoba\Documents\MCUXpressoIDE_11.10.0_3148\workspace\TEST\device" -I"C:\Users\shoba\Documents\MCUXpressoIDE_11.10.0_3148\workspace\TEST\CMSIS" -I"C:\Users\shoba\Documents\MCUXpressoIDE_11.10.0_3148\workspace\TEST\component\lists" -I"C:\Users\shoba\Documents\MCUXpressoIDE_11.10.0_3148\workspace\TEST\startup" -O0 -fno-common -g3 -gdwarf-4 -Wall -c -ffunction-sections -fdata-sections -fno-builtin -fmerge-constants -fmacro-prefix-map="../drivers/"= -mcpu=cortex-m33 -mfpu=fpv5-sp-d16 -mfloat-abi=hard -mthumb -D__REDLIB__ -fstack-usage -specs=redlib.specs -MMD -MP -MF"drivers/fsl_pint.d" -MT"drivers/fsl_pint.o" -MT"drivers/fsl_pint.d" -o "drivers/fsl_pint.o" "../drivers/fsl_pint.c"
arm-none-eabi-gcc -DCPU_LPC55S69JBD100 -DCPU_LPC55S69JBD100_cm33 -DCPU_LPC55S69JBD100_cm33_core0 -DSERIAL_PORT_TYPE_UART=1 -DSDK_OS_BAREMETAL -DSDK_DEBUGCONSOLE=0 -DCR_INTEGER_PRINTF -DPRINTF_FLOAT_ENABLE=0 -D__MCUXPRESSO -D__USE_CMSIS -DDEBUG -D__REDLIB__ -I"C:\Users\shoba\Documents\MCUXpressoIDE_11.10.0_3148\workspace\TEST\board" -I"C:\Users\shoba\Documents\MCUXpressoIDE_11.10.0_3148\workspace\TEST\source" -I"C:\Users\shoba\Documents\MCUXpressoIDE_11.10.0_3148\workspace\TEST\utilities" -I"C:\Users\shoba\Documents\MCUXpressoIDE_11.10.0_3148\workspace\TEST\drivers" -I"C:\Users\shoba\Documents\MCUXpressoIDE_11.10.0_3148\workspace\TEST\component\uart" -I"C:\Users\shoba\Documents\MCUXpressoIDE_11.10.0_3148\workspace\TEST\component\serial_manager" -I"C:\Users\shoba\Documents\MCUXpressoIDE_11.10.0_3148\workspace\TEST\device" -I"C:\Users\shoba\Documents\MCUXpressoIDE_11.10.0_3148\workspace\TEST\CMSIS" -I"C:\Users\shoba\Documents\MCUXpressoIDE_11.10.0_3148\workspace\TEST\component\lists" -I"C:\Users\shoba\Documents\MCUXpressoIDE_11.10.0_3148\workspace\TEST\startup" -O0 -fno-common -g3 -gdwarf-4 -Wall -c -ffunction-sections -fdata-sections -fno-builtin -fmerge-constants -fmacro-prefix-map="../drivers/"= -mcpu=cortex-m33 -mfpu=fpv5-sp-d16 -mfloat-abi=hard -mthumb -D__REDLIB__ -fstack-usage -specs=redlib.specs -MMD -MP -MF"drivers/fsl_power.d" -MT"drivers/fsl_power.o" -MT"drivers/fsl_power.d" -o "drivers/fsl_power.o" "../drivers/fsl_power.c"
Finished building: ../drivers/fsl_clock.c
 
Finished building: ../drivers/fsl_common_arm.c
Finished building: ../drivers/fsl_common.c
Building file: ../drivers/fsl_reset.c
 
 
Building file: ../drivers/fsl_usart.c
Invoking: MCU C Compiler
Building file: ../device/system_LPC55S69_cm33_core0.c
arm-none-eabi-gcc -DCPU_LPC55S69JBD100 -DCPU_LPC55S69JBD100_cm33 -DCPU_LPC55S69JBD100_cm33_core0 -DSERIAL_PORT_TYPE_UART=1 -DSDK_OS_BAREMETAL -DSDK_DEBUGCONSOLE=0 -DCR_INTEGER_PRINTF -DPRINTF_FLOAT_ENABLE=0 -D__MCUXPRESSO -D__USE_CMSIS -DDEBUG -D__REDLIB__ -I"C:\Users\shoba\Documents\MCUXpressoIDE_11.10.0_3148\workspace\TEST\board" -I"C:\Users\shoba\Documents\MCUXpressoIDE_11.10.0_3148\workspace\TEST\source" -I"C:\Users\shoba\Documents\MCUXpressoIDE_11.10.0_3148\workspace\TEST\utilities" -I"C:\Users\shoba\Documents\MCUXpressoIDE_11.10.0_3148\workspace\TEST\drivers" -I"C:\Users\shoba\Documents\MCUXpressoIDE_11.10.0_3148\workspace\TEST\component\uart" -I"C:\Users\shoba\Documents\MCUXpressoIDE_11.10.0_3148\workspace\TEST\component\serial_manager" -I"C:\Users\shoba\Documents\MCUXpressoIDE_11.10.0_3148\workspace\TEST\device" -I"C:\Users\shoba\Documents\MCUXpressoIDE_11.10.0_3148\workspace\TEST\CMSIS" -I"C:\Users\shoba\Documents\MCUXpressoIDE_11.10.0_3148\workspace\TEST\component\lists" -I"C:\Users\shoba\Documents\MCUXpressoIDE_11.10.0_3148\workspace\TEST\startup" -O0 -fno-common -g3 -gdwarf-4 -Wall -c -ffunction-sections -fdata-sections -fno-builtin -fmerge-constants -fmacro-prefix-map="../drivers/"= -mcpu=cortex-m33 -mfpu=fpv5-sp-d16 -mfloat-abi=hard -mthumb -D__REDLIB__ -fstack-usage -specs=redlib.specs -MMD -MP -MF"drivers/fsl_reset.d" -MT"drivers/fsl_reset.o" -MT"drivers/fsl_reset.d" -o "drivers/fsl_reset.o" "../drivers/fsl_reset.c"
Invoking: MCU C Compiler
arm-none-eabi-gcc -DCPU_LPC55S69JBD100 -DCPU_LPC55S69JBD100_cm33 -DCPU_LPC55S69JBD100_cm33_core0 -DSERIAL_PORT_TYPE_UART=1 -DSDK_OS_BAREMETAL -DSDK_DEBUGCONSOLE=0 -DCR_INTEGER_PRINTF -DPRINTF_FLOAT_ENABLE=0 -D__MCUXPRESSO -D__USE_CMSIS -DDEBUG -D__REDLIB__ -I"C:\Users\shoba\Documents\MCUXpressoIDE_11.10.0_3148\workspace\TEST\board" -I"C:\Users\shoba\Documents\MCUXpressoIDE_11.10.0_3148\workspace\TEST\source" -I"C:\Users\shoba\Documents\MCUXpressoIDE_11.10.0_3148\workspace\TEST\utilities" -I"C:\Users\shoba\Documents\MCUXpressoIDE_11.10.0_3148\workspace\TEST\drivers" -I"C:\Users\shoba\Documents\MCUXpressoIDE_11.10.0_3148\workspace\TEST\component\uart" -I"C:\Users\shoba\Documents\MCUXpressoIDE_11.10.0_3148\workspace\TEST\component\serial_manager" -I"C:\Users\shoba\Documents\MCUXpressoIDE_11.10.0_3148\workspace\TEST\device" -I"C:\Users\shoba\Documents\MCUXpressoIDE_11.10.0_3148\workspace\TEST\CMSIS" -I"C:\Users\shoba\Documents\MCUXpressoIDE_11.10.0_3148\workspace\TEST\component\lists" -I"C:\Users\shoba\Documents\MCUXpressoIDE_11.10.0_3148\workspace\TEST\startup" -O0 -fno-common -g3 -gdwarf-4 -Wall -c -ffunction-sections -fdata-sections -fno-builtin -fmerge-constants -fmacro-prefix-map="../drivers/"= -mcpu=cortex-m33 -mfpu=fpv5-sp-d16 -mfloat-abi=hard -mthumb -D__REDLIB__ -fstack-usage -specs=redlib.specs -MMD -MP -MF"drivers/fsl_usart.d" -MT"drivers/fsl_usart.o" -MT"drivers/fsl_usart.d" -o "drivers/fsl_usart.o" "../drivers/fsl_usart.c"
Invoking: MCU C Compiler
[...]
Finished building: ../drivers/fsl_flexcomm.c
 
Finished building: ../drivers/fsl_gpio.c
Building file: ../device/system_LPC55S69_cm33_core0.c
Finished building: ../drivers/fsl_inputmux.c
 
Invoking: MCU C Compiler
arm-none-eabi-gcc -D__REDLIB__ -DCPU_LPC55S69JBD100 -DCPU_LPC55S69JBD100_cm33 -DCPU_LPC55S69JBD100_cm33_core0 -DSERIAL_PORT_TYPE_UART=1 -DSDK_OS_BAREMETAL -DSDK_DEBUGCONSOLE=0 -DCR_INTEGER_PRINTF -DPRINTF_FLOAT_ENABLE=0 -D__MCUXPRESSO -D__USE_CMSIS -DDEBUG -I"C:\Users\shoba\Documents\MCUXpressoIDE_11.10.0_3148\workspace\LPC55S69_Project_3\board" -I"C:\Users\shoba\Documents\MCUXpressoIDE_11.10.0_3148\workspace\LPC55S69_Project_3\source" -I"C:\Users\shoba\Documents\MCUXpressoIDE_11.10.0_3148\workspace\LPC55S69_Project_3\utilities" -I"C:\Users\shoba\Documents\MCUXpressoIDE_11.10.0_3148\workspace\LPC55S69_Project_3\drivers" -I"C:\Users\shoba\Documents\MCUXpressoIDE_11.10.0_3148\workspace\LPC55S69_Project_3\component\uart" -I"C:\Users\shoba\Documents\MCUXpressoIDE_11.10.0_3148\workspace\LPC55S69_Project_3\component\serial_manager" -I"C:\Users\shoba\Documents\MCUXpressoIDE_11.10.0_3148\workspace\LPC55S69_Project_3\device" -I"C:\Users\shoba\Documents\MCUXpressoIDE_11.10.0_3148\workspace\LPC55S69_Project_3\CMSIS" -I"C:\Users\shoba\Documents\MCUXpressoIDE_11.10.0_3148\workspace\LPC55S69_Project_3\component\lists" -I"C:\Users\shoba\Documents\MCUXpressoIDE_11.10.0_3148\workspace\LPC55S69_Project_3\startup" -O0 -fno-common -g3 -gdwarf-4 -Wall -c -ffunction-sections -fdata-sections -fno-builtin -fmerge-constants -fmacro-prefix-map="../device/"= -mcpu=cortex-m33 -mfpu=fpv5-sp-d16 -mfloat-abi=hard -mthumb -D__REDLIB__ -fstack-usage -specs=redlib.specs -MMD -MP -MF"device/system_LPC55S69_cm33_core0.d" -MT"device/system_LPC55S69_cm33_core0.o" -MT"device/system_LPC55S69_cm33_core0.d" -o "device/system_LPC55S69_cm33_core0.o" "../device/system_LPC55S69_cm33_core0.c"
 
Finished building: ../drivers/fsl_i2c.c
Finished building: ../drivers/fsl_pint.c
Building file: ../component/uart/fsl_adapter_usart.c
 
 
Invoking: MCU C Compiler
Building file: ../component/serial_manager/fsl_component_serial_manager.c
arm-none-eabi-gcc -D__REDLIB__ -DCPU_LPC55S69JBD100 -DCPU_LPC55S69JBD100_cm33 -DCPU_LPC55S69JBD100_cm33_core0 -DSERIAL_PORT_TYPE_UART=1 -DSDK_OS_BAREMETAL -DSDK_DEBUGCONSOLE=0 -DCR_INTEGER_PRINTF -DPRINTF_FLOAT_ENABLE=0 -D__MCUXPRESSO -D__USE_CMSIS -DDEBUG -I"C:\Users\shoba\Documents\MCUXpressoIDE_11.10.0_3148\workspace\LPC55S69_Project_3\board" -I"C:\Users\shoba\Documents\MCUXpressoIDE_11.10.0_3148\workspace\LPC55S69_Project_3\source" -I"C:\Users\shoba\Documents\MCUXpressoIDE_11.10.0_3148\workspace\LPC55S69_Project_3\utilities" -I"C:\Users\shoba\Documents\MCUXpressoIDE_11.10.0_3148\workspace\LPC55S69_Project_3\drivers" -I"C:\Users\shoba\Documents\MCUXpressoIDE_11.10.0_3148\workspace\LPC55S69_Project_3\component\uart" -I"C:\Users\shoba\Documents\MCUXpressoIDE_11.10.0_3148\workspace\LPC55S69_Project_3\component\serial_manager" -I"C:\Users\shoba\Documents\MCUXpressoIDE_11.10.0_3148\workspace\LPC55S69_Project_3\device" -I"C:\Users\shoba\Documents\MCUXpressoIDE_11.10.0_3148\workspace\LPC55S69_Project_3\CMSIS" -I"C:\Users\shoba\Documents\MCUXpressoIDE_11.10.0_3148\workspace\LPC55S69_Project_3\component\lists" -I"C:\Users\shoba\Documents\MCUXpressoIDE_11.10.0_3148\workspace\LPC55S69_Project_3\startup" -O0 -fno-common -g3 -gdwarf-4 -Wall -c -ffunction-sections -fdata-sections -fno-builtin -fmerge-constants -fmacro-prefix-map="../component/uart/"= -mcpu=cortex-m33 -mfpu=fpv5-sp-d16 -mfloat-abi=hard -mthumb -D__REDLIB__ -fstack-usage -specs=redlib.specs -MMD -MP -MF"component/uart/fsl_adapter_usart.d" -MT"component/uart/fsl_adapter_usart.o" -MT"component/uart/fsl_adapter_usart.d" -o "component/uart/fsl_adapter_usart.o" "../component/uart/fsl_adapter_usart.c"
Building file: ../component/serial_manager/fsl_component_serial_port_uart.c
Invoking: MCU C Compiler
Building file: ../component/lists/fsl_component_generic_list.c
arm-none-eabi-gcc -D__REDLIB__ -DCPU_LPC55S69JBD100 -DCPU_LPC55S69JBD100_cm33 -DCPU_LPC55S69JBD100_cm33_core0 -DSERIAL_PORT_TYPE_UART=1 -DSDK_OS_BAREMETAL -DSDK_DEBUGCONSOLE=0 -DCR_INTEGER_PRINTF -DPRINTF_FLOAT_ENABLE=0 -D__MCUXPRESSO -D__USE_CMSIS -DDEBUG -I"C:\Users\shoba\Documents\MCUXpressoIDE_11.10.0_3148\workspace\LPC55S69_Project_3\board" -I"C:\Users\shoba\Documents\MCUXpressoIDE_11.10.0_3148\workspace\LPC55S69_Project_3\source" -I"C:\Users\shoba\Documents\MCUXpressoIDE_11.10.0_3148\workspace\LPC55S69_Project_3\utilities" -I"C:\Users\shoba\Documents\MCUXpressoIDE_11.10.0_3148\workspace\LPC55S69_Project_3\drivers" -I"C:\Users\shoba\Documents\MCUXpressoIDE_11.10.0_3148\workspace\LPC55S69_Project_3\component\uart" -I"C:\Users\shoba\Documents\MCUXpressoIDE_11.10.0_3148\workspace\LPC55S69_Project_3\component\serial_manager" -I"C:\Users\shoba\Documents\MCUXpressoIDE_11.10.0_3148\workspace\LPC55S69_Project_3\device" -I"C:\Users\shoba\Documents\MCUXpressoIDE_11.10.0_3148\workspace\LPC55S69_Project_3\CMSIS" -I"C:\Users\shoba\Documents\MCUXpressoIDE_11.10.0_3148\workspace\LPC55S69_Project_3\component\lists" -I"C:\Users\shoba\Documents\MCUXpressoIDE_11.10.0_3148\workspace\LPC55S69_Project_3\startup" -O0 -fno-common -g3 -gdwarf-4 -Wall -c -ffunction-sections -fdata-sections -fno-builtin -fmerge-constants -fmacro-prefix-map="../component/serial_manager/"= -mcpu=cortex-m33 -mfpu=fpv5-sp-d16 -mfloat-abi=hard -mthumb -D__REDLIB__ -fstack-usage -specs=redlib.specs -MMD -MP -MF"component/serial_manager/fsl_component_serial_manager.d" -MT"component/serial_manager/fsl_component_serial_manager.o" -MT"component/serial_manager/fsl_component_serial_manager.d" -o "component/serial_manager/fsl_component_serial_manager.o" "../component/serial_manager/fsl_component_serial_manager.c"
Invoking: MCU C Compiler
arm-none-eabi-gcc -D__REDLIB__ -DCPU_LPC55S69JBD100 -DCPU_LPC55S69JBD100_cm33 -DCPU_LPC55S69JBD100_cm33_core0 -DSERIAL_PORT_TYPE_UART=1 -DSDK_OS_BAREMETAL -DSDK_DEBUGCONSOLE=0 -DCR_INTEGER_PRINTF -DPRINTF_FLOAT_ENABLE=0 -D__MCUXPRESSO -D__USE_CMSIS -DDEBUG -I"C:\Users\shoba\Documents\MCUXpressoIDE_11.10.0_3148\workspace\LPC55S69_Project_3\board" -I"C:\Users\shoba\Documents\MCUXpressoIDE_11.10.0_3148\workspace\LPC55S69_Project_3\source" -I"C:\Users\shoba\Documents\MCUXpressoIDE_11.10.0_3148\workspace\LPC55S69_Project_3\utilities" -I"C:\Users\shoba\Documents\MCUXpressoIDE_11.10.0_3148\workspace\LPC55S69_Project_3\drivers" -I"C:\Users\shoba\Documents\MCUXpressoIDE_11.10.0_3148\workspace\LPC55S69_Project_3\component\uart" -I"C:\Users\shoba\Documents\MCUXpressoIDE_11.10.0_3148\workspace\LPC55S69_Project_3\component\serial_manager" -I"C:\Users\shoba\Documents\MCUXpressoIDE_11.10.0_3148\workspace\LPC55S69_Project_3\device" -I"C:\Users\shoba\Documents\MCUXpressoIDE_11.10.0_3148\workspace\LPC55S69_Project_3\CMSIS" -I"C:\Users\shoba\Documents\MCUXpressoIDE_11.10.0_3148\workspace\LPC55S69_Project_3\component\lists" -I"C:\Users\shoba\Documents\MCUXpressoIDE_11.10.0_3148\workspace\LPC55S69_Project_3\startup" -O0 -fno-common -g3 -gdwarf-4 -Wall -c -ffunction-sections -fdata-sections -fno-builtin -fmerge-constants -fmacro-prefix-map="../component/serial_manager/"= -mcpu=cortex-m33 -mfpu=fpv5-sp-d16 -mfloat-abi=hard -mthumb -D__REDLIB__ -fstack-usage -specs=redlib.specs -MMD -MP -MF"component/serial_manager/fsl_component_serial_port_uart.d" -MT"component/serial_manager/fsl_component_serial_port_uart.o" -MT"component/serial_manager/fsl_component_serial_port_uart.d" -o "component/serial_manager/fsl_component_serial_port_uart.o" "../component/serial_manager/fsl_component_serial_port_uart.c"
Invoking: MCU C Compiler
arm-none-eabi-gcc -D__REDLIB__ -DCPU_LPC55S69JBD100 -DCPU_LPC55S69JBD100_cm33 -DCPU_LPC55S69JBD100_cm33_core0 -DSERIAL_PORT_TYPE_UART=1 -DSDK_OS_BAREMETAL -DSDK_DEBUGCONSOLE=0 -DCR_INTEGER_PRINTF -DPRINTF_FLOAT_ENABLE=0 -D__MCUXPRESSO -D__USE_CMSIS -DDEBUG -I"C:\Users\shoba\Documents\MCUXpressoIDE_11.10.0_3148\workspace\LPC55S69_Project_3\board" -I"C:\Users\shoba\Documents\MCUXpressoIDE_11.10.0_3148\workspace\LPC55S69_Project_3\source" -I"C:\Users\shoba\Documents\MCUXpressoIDE_11.10.0_3148\workspace\LPC55S69_Project_3\utilities" -I"C:\Users\shoba\Documents\MCUXpressoIDE_11.10.0_3148\workspace\LPC55S69_Project_3\drivers" -I"C:\Users\shoba\Documents\MCUXpressoIDE_11.10.0_3148\workspace\LPC55S69_Project_3\component\uart" -I"C:\Users\shoba\Documents\MCUXpressoIDE_11.10.0_3148\workspace\LPC55S69_Project_3\component\serial_manager" -I"C:\Users\shoba\Documents\MCUXpressoIDE_11.10.0_3148\workspace\LPC55S69_Project_3\device" -I"C:\Users\shoba\Documents\MCUXpressoIDE_11.10.0_3148\workspace\LPC55S69_Project_3\CMSIS" -I"C:\Users\shoba\Documents\MCUXpressoIDE_11.10.0_3148\workspace\LPC55S69_Project_3\component\lists" -I"C:\Users\shoba\Documents\MCUXpressoIDE_11.10.0_3148\workspace\LPC55S69_Project_3\startup" -O0 -fno-common -g3 -gdwarf-4 -Wall -c -ffunction-sections -fdata-sections -fno-builtin -fmerge-constants -fmacro-prefix-map="../component/lists/"= -mcpu=cortex-m33 -mfpu=fpv5-sp-d16 -mfloat-abi=hard -mthumb -D__REDLIB__ -fstack-usage -specs=redlib.specs -MMD -MP -MF"component/lists/fsl_component_generic_list.d" -MT"component/lists/fsl_component_generic_list.o" -MT"component/lists/fsl_component_generic_list.d" -o "component/lists/fsl_component_generic_list.o" "../component/lists/fsl_component_generic_list.c"
Finished building: ../drivers/fsl_power.c
Finished building: ../drivers/fsl_reset.c
 
 
Building file: ../board/board.c
Building file: ../board/clock_config.c
Invoking: MCU C Compiler
arm-none-eabi-gcc -D__REDLIB__ -DCPU_LPC55S69JBD100 -DCPU_LPC55S69JBD100_cm33 -DCPU_LPC55S69JBD100_cm33_core0 -DSERIAL_PORT_TYPE_UART=1 -DSDK_OS_BAREMETAL -DSDK_DEBUGCONSOLE=0 -DCR_INTEGER_PRINTF -DPRINTF_FLOAT_ENABLE=0 -D__MCUXPRESSO -D__USE_CMSIS -DDEBUG -I"C:\Users\shoba\Documents\MCUXpressoIDE_11.10.0_3148\workspace\LPC55S69_Project_3\board" -I"C:\Users\shoba\Documents\MCUXpressoIDE_11.10.0_3148\workspace\LPC55S69_Project_3\source" -I"C:\Users\shoba\Documents\MCUXpressoIDE_11.10.0_3148\workspace\LPC55S69_Project_3\utilities" -I"C:\Users\shoba\Documents\MCUXpressoIDE_11.10.0_3148\workspace\LPC55S69_Project_3\drivers" -I"C:\Users\shoba\Documents\MCUXpressoIDE_11.10.0_3148\workspace\LPC55S69_Project_3\component\uart" -I"C:\Users\shoba\Documents\MCUXpressoIDE_11.10.0_3148\workspace\LPC55S69_Project_3\component\serial_manager" -I"C:\Users\shoba\Documents\MCUXpressoIDE_11.10.0_3148\workspace\LPC55S69_Project_3\device" -I"C:\Users\shoba\Documents\MCUXpressoIDE_11.10.0_3148\workspace\LPC55S69_Project_3\CMSIS" -I"C:\Users\shoba\Documents\MCUXpressoIDE_11.10.0_3148\workspace\LPC55S69_Project_3\component\lists" -I"C:\Users\shoba\Documents\MCUXpressoIDE_11.10.0_3148\workspace\LPC55S69_Project_3\startup" -O0 -fno-common -g3 -gdwarf-4 -Wall -c -ffunction-sections -fdata-sections -fno-builtin -fmerge-constants -fmacro-prefix-map="../board/"= -mcpu=cortex-m33 -mfpu=fpv5-sp-d16 -mfloat-abi=hard -mthumb -D__REDLIB__ -fstack-usage -specs=redlib.specs -MMD -MP -MF"board/board.d" -MT"board/board.o" -MT"board/board.d" -o "board/board.o" "../board/board.c"
Invoking: MCU C Compiler
arm-none-eabi-gcc -D__REDLIB__ -DCPU_LPC55S69JBD100 -DCPU_LPC55S69JBD100_cm33 -DCPU_LPC55S69JBD100_cm33_core0 -DSERIAL_PORT_TYPE_UART=1 -DSDK_OS_BAREMETAL -DSDK_DEBUGCONSOLE=0 -DCR_INTEGER_PRINTF -DPRINTF_FLOAT_ENABLE=0 -D__MCUXPRESSO -D__USE_CMSIS -DDEBUG -I"C:\Users\shoba\Documents\MCUXpressoIDE_11.10.0_3148\workspace\LPC55S69_Project_3\board" -I"C:\Users\shoba\Documents\MCUXpressoIDE_11.10.0_3148\workspace\LPC55S69_Project_3\source" -I"C:\Users\shoba\Documents\MCUXpressoIDE_11.10.0_3148\workspace\LPC55S69_Project_3\utilities" -I"C:\Users\shoba\Documents\MCUXpressoIDE_11.10.0_3148\workspace\LPC55S69_Project_3\drivers" -I"C:\Users\shoba\Documents\MCUXpressoIDE_11.10.0_3148\workspace\LPC55S69_Project_3\component\uart" -I"C:\Users\shoba\Documents\MCUXpressoIDE_11.10.0_3148\workspace\LPC55S69_Project_3\component\serial_manager" -I"C:\Users\shoba\Documents\MCUXpressoIDE_11.10.0_3148\workspace\LPC55S69_Project_3\device" -I"C:\Users\shoba\Documents\MCUXpressoIDE_11.10.0_3148\workspace\LPC55S69_Project_3\CMSIS" -I"C:\Users\shoba\Documents\MCUXpressoIDE_11.10.0_3148\workspace\LPC55S69_Project_3\component\lists" -I"C:\Users\shoba\Documents\MCUXpressoIDE_11.10.0_3148\workspace\LPC55S69_Project_3\startup" -O0 -fno-common -g3 -gdwarf-4 -Wall -c -ffunction-sections -fdata-sections -fno-builtin -fmerge-constants -fmacro-prefix-map="../board/"= -mcpu=cortex-m33 -mfpu=fpv5-sp-d16 -mfloat-abi=hard -mthumb -D__REDLIB__ -fstack-usage -specs=redlib.specs -MMD -MP -MF"board/clock_config.d" -MT"board/clock_config.o" -MT"board/clock_config.d" -o "board/clock_config.o" "../board/clock_config.c"
Finished building: ../drivers/fsl_usart.c
Finished building: ../device/system_LPC55S69_cm33_core0.c
 
 
Building file: ../board/peripherals.c
Invoking: MCU C Compiler
Building file: ../board/pin_mux.c
arm-none-eabi-gcc -D__REDLIB__ -DCPU_LPC55S69JBD100 -DCPU_LPC55S69JBD100_cm33 -DCPU_LPC55S69JBD100_cm33_core0 -DSERIAL_PORT_TYPE_UART=1 -DSDK_OS_BAREMETAL -DSDK_DEBUGCONSOLE=0 -DCR_INTEGER_PRINTF -DPRINTF_FLOAT_ENABLE=0 -D__MCUXPRESSO -D__USE_CMSIS -DDEBUG -I"C:\Users\shoba\Documents\MCUXpressoIDE_11.10.0_3148\workspace\LPC55S69_Project_3\board" -I"C:\Users\shoba\Documents\MCUXpressoIDE_11.10.0_3148\workspace\LPC55S69_Project_3\source" -I"C:\Users\shoba\Documents\MCUXpressoIDE_11.10.0_3148\workspace\LPC55S69_Project_3\utilities" -I"C:\Users\shoba\Documents\MCUXpressoIDE_11.10.0_3148\workspace\LPC55S69_Project_3\drivers" -I"C:\Users\shoba\Documents\MCUXpressoIDE_11.10.0_3148\workspace\LPC55S69_Project_3\component\uart" -I"C:\Users\shoba\Documents\MCUXpressoIDE_11.10.0_3148\workspace\LPC55S69_Project_3\component\serial_manager" -I"C:\Users\shoba\Documents\MCUXpressoIDE_11.10.0_3148\workspace\LPC55S69_Project_3\device" -I"C:\Users\shoba\Documents\MCUXpressoIDE_11.10.0_3148\workspace\LPC55S69_Project_3\CMSIS" -I"C:\Users\shoba\Documents\MCUXpressoIDE_11.10.0_3148\workspace\LPC55S69_Project_3\component\lists" -I"C:\Users\shoba\Documents\MCUXpressoIDE_11.10.0_3148\workspace\LPC55S69_Project_3\startup" -O0 -fno-common -g3 -gdwarf-4 -Wall -c -ffunction-sections -fdata-sections -fno-builtin -fmerge-constants -fmacro-prefix-map="../board/"= -mcpu=cortex-m33 -mfpu=fpv5-sp-d16 -mfloat-abi=hard -mthumb -D__REDLIB__ -fstack-usage -specs=redlib.specs -MMD -MP -MF"board/peripherals.d" -MT"board/peripherals.o" -MT"board/peripherals.d" -o "board/peripherals.o" "../board/peripherals.c"
Finished building: ../component/uart/fsl_adapter_usart.c
Invoking: MCU C Compiler
 
arm-none-eabi-gcc -D__REDLIB__ -DCPU_LPC55S69JBD100 -DCPU_LPC55S69JBD100_cm33 -DCPU_LPC55S69JBD100_cm33_core0 -DSERIAL_PORT_TYPE_UART=1 -DSDK_OS_BAREMETAL -DSDK_DEBUGCONSOLE=0 -DCR_INTEGER_PRINTF -DPRINTF_FLOAT_ENABLE=0 -D__MCUXPRESSO -D__USE_CMSIS -DDEBUG -I"C:\Users\shoba\Documents\MCUXpressoIDE_11.10.0_3148\workspace\LPC55S69_Project_3\board" -I"C:\Users\shoba\Documents\MCUXpressoIDE_11.10.0_3148\workspace\LPC55S69_Project_3\source" -I"C:\Users\shoba\Documents\MCUXpressoIDE_11.10.0_3148\workspace\LPC55S69_Project_3\utilities" -I"C:\Users\shoba\Documents\MCUXpressoIDE_11.10.0_3148\workspace\LPC55S69_Project_3\drivers" -I"C:\Users\shoba\Documents\MCUXpressoIDE_11.10.0_3148\workspace\LPC55S69_Project_3\component\uart" -I"C:\Users\shoba\Documents\MCUXpressoIDE_11.10.0_3148\workspace\LPC55S69_Project_3\component\serial_manager" -I"C:\Users\shoba\Documents\MCUXpressoIDE_11.10.0_3148\workspace\LPC55S69_Project_3\device" -I"C:\Users\shoba\Documents\MCUXpressoIDE_11.10.0_3148\workspace\LPC55S69_Project_3\CMSIS" -I"C:\Users\shoba\Documents\MCUXpressoIDE_11.10.0_3148\workspace\LPC55S69_Project_3\component\lists" -I"C:\Users\shoba\Documents\MCUXpressoIDE_11.10.0_3148\workspace\LPC55S69_Project_3\startup" -O0 -fno-common -g3 -gdwarf-4 -Wall -c -ffunction-sections -fdata-sections -fno-builtin -fmerge-constants -fmacro-prefix-map="../board/"= -mcpu=cortex-m33 -mfpu=fpv5-sp-d16 -mfloat-abi=hard -mthumb -D__REDLIB__ -fstack-usage -specs=redlib.specs -MMD -MP -MF"board/pin_mux.d" -MT"board/pin_mux.o" -MT"board/pin_mux.d" -o "board/pin_mux.o" "../board/pin_mux.c"
Finished building: ../component/serial_manager/fsl_component_serial_manager.c
Finished building: ../component/lists/fsl_component_generic_list.c
 
 
Finished building: ../component/serial_manager/fsl_component_serial_port_uart.c
 
Finished building: ../board/board.c
 
Finished building: ../board/clock_config.c
 
Finished building: ../board/peripherals.c
 
Finished building: ../board/pin_mux.c
 
Building target: LPC55S69_Project_3.axf
Invoking: MCU Linker
arm-none-eabi-gcc -nostdlib -Xlinker -Map="LPC55S69_Project_3.map" -Xlinker --gc-sections -Xlinker -print-memory-usage -Xlinker --sort-section=alignment -Xlinker --cref -mcpu=cortex-m33 -mfpu=fpv5-sp-d16 -mfloat-abi=hard -mthumb -T LPC55S69_Project_3_Debug.ld -o "LPC55S69_Project_3.axf" ./utilities/fsl_assert.o ./utilities/fsl_debug_console.o ./utilities/fsl_str.o  ./startup/boot_multicore_slave.o ./startup/startup_lpc55s69_cm33_core0.o  ./source/LPC55S69_Project_3.o ./source/semihost_hardfault.o  ./drivers/fsl_clock.o ./drivers/fsl_common.o ./drivers/fsl_common_arm.o ./drivers/fsl_flexcomm.o ./drivers/fsl_gpio.o ./drivers/fsl_i2c.o ./drivers/fsl_inputmux.o ./drivers/fsl_pint.o ./drivers/fsl_power.o ./drivers/fsl_reset.o ./drivers/fsl_usart.o  ./device/system_LPC55S69_cm33_core0.o  ./component/uart/fsl_adapter_usart.o  ./component/serial_manager/fsl_component_serial_manager.o ./component/serial_manager/fsl_component_serial_port_uart.o  ./component/lists/fsl_component_generic_list.o  ./board/board.o ./board/clock_config.o ./board/peripherals.o ./board/pin_mux.o   
Memory region         Used Size  Region Size  %age Used
   PROGRAM_FLASH:       14348 B       630 KB      2.22%
            SRAM:        8512 B       256 KB      3.25%
           SRAMX:          0 GB        32 KB      0.00%
         USB_RAM:          0 GB        16 KB      0.00%
           SRAM4:          0 GB        16 KB      0.00%
Finished building target: LPC55S69_Project_3.axf
 
Performing post-build steps
arm-none-eabi-size "LPC55S69_Project_3.axf"; # arm-none-eabi-objcopy -v -O binary "LPC55S69_Project_3.axf" "LPC55S69_Project_3.bin" ; # checksum -p LPC55S69 -d "LPC55S69_Project_3.bin";
   text	   data	    bss	    dec	    hex	filename
  14340	      8	   8504	  22852	   5944	LPC55S69_Project_3.axf
 
10:37:00 **** Incremental Build of configuration Debug for project LPC55S69_Project_3 ****
make -r -j8 all 
make[1]: Nothing to be done for 'main-build'.
Performing post-build steps
arm-none-eabi-size "LPC55S69_Project_3.axf"; # arm-none-eabi-objcopy -v -O binary "LPC55S69_Project_3.axf" "LPC55S69_Project_3.bin" ; # checksum -p LPC55S69 -d "LPC55S69_Project_3.bin";
   text	   data	    bss	    dec	    hex	filename
  14340	      8	   8504	  22852	   5944	LPC55S69_Project_3.axf
 
